)$))%%%%%^^^^%%%%))%^^^^^^(%%%)))%%%%))))))))))%%%^^^^^^^%-++-rr
%%)))%^^^^^^%)))))%^^^^^^%)))%%%%%))))))))))))))))%^^^^^%)----rr
^%)))%^^^^^%))))))%^^^^^%)))))))))))))))))))))))))%^^^(%))))))rr
%)))))%^^^%))))))%^^^^^^%)))))))))))))))))))))))))%RR^^%))))))rr
)))))))%%%-%%%)%%^^^^^^^%))))))))))))))))))))))))%^RR^^%))))))rr
))))))-----%^^%^^^^^^^^^^%))))))))))))))))%%%))))%^^^^^%))))))rr
))))))-++--%^^^^^^%%%^RR^%)))))))))))))))%^^%)))))%^^^^%))%%))rr
))))))-+--%^^^RR^%)))%^R^^%))))))))))))))%^^^%))))%^^^%%%%^^%)rr
))))))---%^^^^RR^%)))%^^^%)))))))))))))))%^^^%))))%^%%---%^^^%rr
))))))-%%^%%%^RR^^%%%^^^^%)))))))))))-)))%^^^%)))))$---+--%^^^rr
)))))$%^^%)))%RrR^^^^^^^%))))))))))))))))%%%%%)))))-------)%^^rr
))))))%^%))))%^RR^^^^^^^%)))))))---------))))))))))))-+-)))-%%rr
))))))%%%))))%^^R^^^^^^%))))))))-+--++++-))))))))))))---))))--rr
))))))))))))%^^^^^^^^^^%))))))))-+-+-++--))))%%%))))))))%%%%--rr
))))))))))%%^(^^^^^^^^^%))))))))---------))))%^^%)))))%%^^^^%-rr
)))))))))%^^^^^^^^^^^^^^%))))))))--$%%%%-)))))%^%)))))%^^^^^%)rr
)))))))))%^^^^^^^^^^^^^^^%%))))))-)-%^^%))))))%^%)))))%^^^%%))rr
)))%%)))%^%%%^^^^%%%%^^^^%)))))))))))%^^%-))))%^%)))))%^^%))))rr
))%^^%%%^%---%%^%))))%^^^%)))))))))))-%%---)))%^^%%%%%^^%)))-)rr
)%^^^^^^%-----)$))))))%%%))))))-)))))------))-%^^^^^^^%%))))--rr
)%^^^^^^%))---))))-----))))))---)))))-+++----)%^^^^^^%))))---+rr
)%^^^^^^%))))))))--+++--))))--+---))---++--+--%^^^(^%)))))-+++rr
)%^^^^^^^%%)))%%--++-----))))--+-)))))-++-+++--%^^^%))))))----rr
)%^^^^^^^^^%%%^%--++---+-)-)))---))$))-----++--%^^^^%)))))))))rr
)%^^^%%%%%%^^^^^%--+++---)))))))))))))))))--++-%^^^^%)))))))))rr
)%^^%))))))%^^^^^%-----))))))))))))))))))))----%^^^^^%))))))--rr
)%^^%))))))%^^^^^^%))))))))))))))))))))))))$)))%^^^^^^%%%))---rr
%^^^%))))))%^^^^^^^%))))))))))))))))))))))%^%%%%%^^^^^^^%)))-+rr
^^^^%))))))%%%%^%(%)))))))))))))))))))))))%^^%)))%%^^^^^^%))-+rr
^^%%%%)))%%%)))$)))))))))))))))))))))))))))%%)))))-%^^^^^%))--rr
^%)))%%%%^^%))))))))))))))))))))))))))))))))))))----%^^^%))))-rr
%)))))%^^^%)))))))))))))))))))))))))))))))))))))-++-%^^^%)))))rr
)))))))%^^%)))))))))))))))))))))-------)))))))))----%^^^%)))))rr
))%%%))%%%))))))))))-)-)))))))))-+-+--+)-)---%%%%%%%^^^^%)))))rr
%%^^^%)))))))))---)))-)-))))))))--++++-)-)-+-%^^^^^^^^^^^%%%))rr
^^^^^^%))))))))-+--))))))))))))))--++++)-)---%^^^^^^^^^^^^^^%%rr
^^^^^^^%)))))))----$))))))))))))))))))))))-+--%^^^^^^^^^^^^^^^rr
^^^^^^^%))))))))-%%^%)))))))))))))))---))------%%%%%%%%%%^^^^^rr
^^^^^^^%))))---)%^^(%)))))))))))))%%%)))))))---))))))----%^^^^rr
^^^^^%%)))))-+--%^^R^%))))%%))))))%^%))))))))))))))))----%^^^^rr
^^^^%))))))-----%^^RR^%))%^^%))))%^^^%)---)))))))))))))--%^^^^rr
(^^^%))))))-++--%^^^RR^%%^^^^%))%^^^%%--+-))))))))))))))%^%%^^rr
RRR^^%))))-----))%^^^R^^^^^^^^%%%%%%))-+--%(%))))))%%%%%%%))%^rr
rrrR^%))))-+-+-))%(^^^^R^^^^%%))))))-----%^^(%))))%^^^%%))))%^rr
RRR^^%))))-----))%^^^^^^^^%%))))))---++--%^^^%)))%(^%%))))))%^rr
^^^^%%)))))))))%%^^^^^^^^%))))))))-+++--%^^^^^%%%^^%))))))))%^rr
^^%%))))))))))%^^^^^^^^^%)))))))))--++-%^^^^^^^^^^%))))))))%^^rr
^%))))))))))))%^^^^^^^^^%))))))))))----%^^^^^^^^%%---)))))%^^^rr
%))))))r))))))%^^^^^^^^%))))))))))))--%^^^^%%%%%-----))))%^^^^rr
))))))))))))))%^^^%%%^^%))))))))))----%(^^%-------%%%%%%%^^^^^rr
))))))))))))%%^^^%-)-%^%))))))))))))--%^^%--+++-)%^^^^^^^^^^^%rr
))%%%))))))%^^^^%---))%%))))))))))))))%^^%------)%^RRRRR^^^^^^rr
%%^^%))))-$%%^^%--+-))))))))))))))))))%%%))))))))%^^RR^^^^^^^^rr
##^^^%))-$-))%%--++-)))))))))))))))))))))))))))))((^((^^^^^^^^rr
rrRR^^%%%--)))))----)))))))))))))))))))))))))))))((%((%^^^^^^^rr
rrrrR^^^%--)))))%%%%)))))))%%)))))))))))))%%)))))))))))%^^^^^^rr
rrrrR^^%))))))))%^^^%)))))%^^%)))))%%))))%^%))))))))))))%^^^^^rr
RrrrR^^%)))))))%^^%%%%)))%^^^^%%%%%^^%%%((%)))))))))))))%^((^^rr
RRRR^^^^%)))))%^^%)))%%%%^^^^^^^^^%%^^^^^%))))))))))))))%^((^^rr
(^^^^^%%))))))%%%)))))%%%%%%%%%%%%))%%^^%))))))))))))))))%^^^^rr
%%%%%%))))))))))))))))))--))))))))))))%%))))))))))))))))))%%%%rr
))))))))))))))))))))))))--))))))))))))))))))))))))))))))))))))rr
rrrrrrrrrrrrrrrrrrrrrrrrrrrrrrrrrrrrrrrrrrrrrrrrrrrrrrrrrrrrrrrr
rrrrrrrrrrrrrrrrrrrrrrrrrrrrrrrrrrrrrrrrrrrrrrrrrrrrrrrrrrrrrrrr
