^^^^^^^)))))))))))^^)))))))^^)))--------))----)^^^^^^^^^)))))))
^^^^))))))))))))))))))))))))))))--------)-----)))^^^^^)))))))))
^^^^))))))))))))))))))))))))))))---------)----)))))^---)))))^^^
^^^^))))))))))))))))))hhh))))))))-^^^^---))-----))------)))^^^^
^)))))))))))))))))))))hhh)))))))))^^^^^--))-------------))^^^^^
))))))))))))))^^^^^^-)hhh)))))))))^^^^))))-------)-------)^^^^^
----))^^^^^^^^^^^^^^^----))^^)))))^^^)))---)-----))------)^^^^^
----))^^^^^^^^^^^^^^^----)^^^^))))^^^)))--^^----))))))---^^^^^^
----))^^^^^^^^^^^^^^^-----^^^^)))^^^^^))-^^^^---)))))))))^^^^^^
---)))^^^^^^^^^^^^^^^-----^^^^^^^^^^^^^^^^^^)))h))))))))))))))^
))))))^^^^^))^^^^^^^^)----^^^^^^^^^^^^^^^^^^)))hh))))))))))))))
)))))))^^))))))^^^^^^)---^^^^^^^^^^^^^^^^^^^)))hh))))))))))))))
))))))))))))))))^^^^^^---^^^^^^^^^)^^^^^^^^^^))))))))^^))))))))
))))))))))))))))^^^^^^^^^^^^^))))))))))))^^^^^))))^^^^^^^))))))
^^^^))))))))))))^^^^^^^^^^^^^)))hhh))))))^^^^^^^^^^^^^^^^^^^)))
^^^^^)))))))))))))^^^^^^^^^^^))hhhhhh))))^^^^^^^^^^^^^^^^^^^^^^
)^^^^))))))))))))^^^^^^^^^^^^^)))hhhh)))^^^^^^^^^^^^^^^^^^^^^^^
))))^^))))))))))^^^^^)))))^^^^^))))h)))^^^^-^^^^^^^^^^^^^^^^^^)
)))))^^^^^^)))^^^^^^^))))))^^^^^)))h)))^^^----^^^^^RR^^^^^^^^))
))))))^^^^^^^^^^^^^^^)))))^^^^^^^))h)))^^)-----^^^^RR^^^^^^^^^)
))))))))))))^^^^^^^^^^))))^^^^^^))))))))))------^^^^^^^^^^^^^^)
)))))))))))))))^^^^^^^^^^^^^^^^^))))))----------)^^^^^^))^^^^^)
))))))))))h)))))^^^^^^^^^^^)))))))^^^-----------))))))))))^^^^^
)^^^)))hhhhhh))))^^^^^^^^^^)---))^^^^^-------h))))))))))))^^^^^
^^^^^)))hhhhhh))))^^^^^^^^)-----^^^^^^^----))))))))))))))^^^^^^
^^^^^)))))hhhhh)))^^^^R^^^)----^^^^^^^^---))))))))))))))^^^^^^^
^^^^^^))))hhhhhh)))^^^R^^^)---^^^^^^^^^^^^^^^))))))))))^^^^^^^^
^^^^^^))))hhhhhh)))^^^^^^^))--^^^^^^^^^^^^^^^^)))))))^^^^^^^^^^
^^^^^^))))hhhhhh))))^^^^^))h)))^^^^^^^-^^^^^^^^^)))))^^^^^^^^^^
)))))))))hhh)hh))))))^^^^))h)))^^^^^^----)^^^^^^^^---^^^^^^^^^-
))))))))hhh)))h)))))))^^^))hh))^^^^^)----))^^^^^^^---^^^^^^^^--
))))))hhhhh)))))hhhh)))^)))hh)))^^^^^----)))^^^^^-----^^^^^^^^-
-)))hhhhhhh)hhhhhhhhh))))))h))))^^^^^)-)-))^^^^^^-----)^^^^^^^^
-)))hhhhhhh)hhhhhhhhh)))))))))))))^^^^))))^^^^^^^^----))))))^^^
-))hhhhhhhh)hhhhhhhhh))))))))))))))))))))^^^^^^^^^^^-)))))))))^
)))hhhhhhhh)hhhh-hhhh)))))^^^)))))^^))^^^^^^^^^^^^^^))hhhhh))))
))hhhhhhhhhhhhhh---hhh))))^^))))))^^))^^^^^^^^^^^^^^)))hhhh))))
)hhhhhhhhhhhhhhh----hh)))---))))))))^^^^^^^^^^^^^^))))hhhh)))))
)hhhhhhhhhhhhhhh----hhh)-----))))))^^^^^^^))))^^))))))hhh))))))
))))hhhhhhhhhhhhhh-hhh))------))))^^^^^^^^)))))----hhhhhh))))))
))))hhhhhhhhhhhhhhhhh)---------)))^^^^^^^^)))))-----hhhh))))^^)
^)))hhhhhhhhhhhhhhhhh)-----^^--))^^^^^^^^^))))-------hhh))))^^^
^))hhhhhhhhhhhhhhhhhh)---^^^^^^^^^-^^^RR^^^))))------hhh)))))^^
^))hhhhhhhhhhhhhhhhhh---^^^^^^^^^----^^^^^))))))-----)))))))))^
))hhhhhhhhhhh----hhhh---^^^^^^^^------^^^^))))))----))))))))---
))hhhhhhhhhhh----hhhh---)^^^^^)))----))))))))))))---^^^^^^)----
--hhhhhhhhhh------hhhhh)))^^^))))))))))))))))))))))^^^^^^^^^---
--hh-hhh---)-------hhhh))))))))))))^^)))))))))))))^^^^RR^^^^^--
--hh-------)---------hh))))))^^))))^^)))))))))))^^^^^^^R^^^^^))
--)--------)---------hh))))))^^)))))))))))))^^^^^^^^^^^^^^^))))
--)-------)^^)-------h)))))))))))))))))))))^^^^^RR^^^^^^^^)))))
-)^^^-----^^^^-------h))))))))hhh)))))))))^^^^^RR^^^^^^^^))))))
-^^^-----)^^^)-------h)))))hhhhhhhhhh)))))^^^^^^^^^^^^^^^^)))))
^^^)-----)))))-------))---hhhhhhhhhhhhh)))^^^^^^^^^^^RR^^^)))))
^^))---hhh))))------------hhhhhhhhhhhhhh))^^^)))))^^^RRR^^)))))
^))))h---hhhh)----^^------hhhhhhhhhhhhhh))^^^)))))^^^^RR^^)))))
^)))))----hhh)----^^------hhhhhhhhhhhh))))^^^))))^^^^^^^^^)))))
^)))))----)))))))^^--------hhhhhhhhhh))))---)))))^^^^^^^^)))))^
^^^^)------))))))---------hhhhhhhhhhh)))------))^^^^^^^^-----)^
^^^^)------))))))----------hhhhhhhhhh)))-------)^^^^^^^------))
^))))------))))))----------hhhhhhhhhhh))-------)))^^^---------)
))))))---))))))))))--------hhhhhhhhhhhh)-------))))))----------
)))))))hhhhhhhhhhhh-------hhhhhhhhhhhhhhhhh---hh)))))----------
