^^^^^^^^^^^^^))))))))))^^^^^^^)))^^^^^^^^^^^^^))-----)^^)))))))
^^^^^^^^^^^^^)))))hh)))^^^^^^^^)^^^^^)))^^^^^^^)----)-)))))))))
^^^))^^^^^^^^))))hhh)))^^^^^^^^))^^^^)))))^^^^^))-^)))))hh))))^
^^))))^^^^^^^)))))hhh))^^^^^^^^)^^^^^)))))))^^^^^^^)))hhhh))))^
))))))))^^^^^^)))))))))^^^^^^^^^^^^^^)))))))^^^^^^^)))hhhh)))))
))))))))))^^^^^^)))))))^^^^^^^^^^^^^^^))))))^^^^^^)))))hhh)))))
))))))))))^^^^^^^^^^))^^^^^^^^^^^^^^^^))))))^^^^^^))))hhhhhh)))
)))))))))^^^^^^^^^^^^^^^^^^^^^^^^^^^^^)))))))^^^^)))hhhhhhhh)))
))))^^^^^^^^^^^^^^^^^^^^^^^^^^))^^^^^^)))))))^^^^))hhhhhhhhhh))
))))^^^^^^^^^)))))^^^^^^^^^^^)))))^^^)))))))))^)))hhhhhhhhhhh))
)))))^^^RR^^^)))))^^^^^^^^^^^))))))))))))))^^)))))hhhhhhhhhh)))
)))))^^RRR^^^)-)))^^^^^^^^^^^))))))))))))))^^^))))hhhhhhhhh))))
)hh))^^RRR^^^)---)^^^^^^^^^^^^))))))))))))^^^^^)))hhhhhhhhh))))
)h)))^^^R^R^^^--^^^^^^))))^^^^^))))))))))^)))^^^)))hhhhhhhh))))
)))))^^^^RRR^^--^^^^^^)))))))^^^))))))))))----^^)))hhhhhhhh))))
)))))^^^^RRR^^)))^^^^^)))))))^^^^)))))))))----^^^)))hhhhhhh))))
)))))^^^RRR^^^)))^^^^^)))))))^^^^)))))))))----^^^))))hhhhhh))))
)))))^^^^^^^^^)))))))))))))))^^^^))))))))-----^^^^^)))hhhhhh)))
))hh))^^^^^))))))))))))))))))^^^^^)))))))---^^^^^^^^^))hhhhhh))
-hhh))^^^^)))))))))))))))))))^^^^^)))))))-^^^^^^^^^^^))hhhhhh))
-hhh))^^^))))))))))))))))))))^^^^^)))))))^^^^^^^^^^^^^))hhhhhh)
--))))^^^)))))))))))))))))))))^^^)))))))))^^^^^^^^^^^^))))hhhhh
--)))^^^^))))))^^)))))))))))))^^^^^^))))))^^^^^^^^))))))))hhhhh
--)^^^^^^)))))^^^^))))^^))))))^^^^^^))))))^^^^^^^)))))))))hhhhh
)))^^^^^)))))))^^))))^^^^)))))^^^^^^))))))^^^^^)))hh)))))))hhhh
))))))))))))))))))))^^^^^)))))^^^^)))))))))))))))hhh))^^^)))hhh
))))))))))hh))))))))^^^^))))))^^^)))))hhh)))))))hhh)))^^^^)))))
)))))))))))hh))))))^^^^^))))))^^))))hhhhhhhh)))hhhh)))^^^^)))))
)))))))))))))))))))^^))))))))))))))hhhhhhhh)))))))))))^^^^)))))
))))))))))))))))))^^^)))))))))))))hhhhhhhh))))))))))))^^^))))))
))))))^^^^^^))))))^^^)))))^^^))---h)hhhhh)))^^^^^^^^^^^^^))))))
)))))^^^^^^^^^)))^^^^)))))^^^))------hhh)))^^^^^^^^^^^^^)))))))
))))^^^^^^^^^^^^^^^^)))))^^^^)-------hhh)))^^^^^^^^^^^^^)))))))
)))^^^^^^^^^^^^^^^))))))))))))-------hhh)))))))))))))^^))---)))
))^^^^^^^^^^^^^^^^))))))))))))-------hhh)))))))))))))))))---h))
)^^^^^^^^^^^^^^^^))hh)))))hhhh----^^hhhh)))))))))))))))------))
)^^^R^^^^^^^^^^^))hhh))))))hhhh---^^hhhhh))))))))))))))-----)))
)^^^RRR^^^^^^))))hhh))^^^)))hhhhhhhhhhhhh))))))))))))))------))
)^^^RRRRR^^^^))))hhh))^^^^^)))hhhhh)hhhhh)))))))))))h)))---))))
)^^^RRRRR^^^^))))hhh))^^^^^))))hh)))))))))))))))))))))))))^^^))
)^^^^^^^^^^^^)))hhhh))^^^^))))))))))))))))))))))))-----))^^^^))
))^^^^^^^^^^^))))h))))))))))))))))))))))))))))))))------^^^^^))
))^^^^^-------)))))))))))))))))))))hh)))))))h)))))---^^^^^^^^))
))^^^^--------))))))))))hhh)))))))hhh)))))))))))))-^^^^^^^^^^^)
))^^^)--------)))))))))hhhh))))))))))))))))))))))^^^^^^^^^^^^^)
)))))))))-)))))))))))))hhh)))))^))))))))))))^^^^^^^^^)))))^^^^)
))))))))))^^^))))))))))hh)))^^^^^)))))))^^^^^^^^^R^^^)))))^^^))
)----))))^^^^)))))))))hh)))^^^^^^^^)))))^^^^RRRRRR^^^^))))^^^))
-------)^^^^^))))))))hhh)))^^^^^))))))))^^^RRRRRRR^^^^))))^^)))
-------^^^^)))))))))))hh)))^)^^))))))))))^^^RRRRR^^^^^)))))))))
-------^^^))))))))))))hh)))))))))))))))))^^^^^RR^^)))))))))))))
hh-----^^)))))hh))))))hh))))))))hhhhh)))))^^^^^^^))))))^^))))))
))-----^)))hhhhh))))))hhh)))))))))hh)))))^^^^^^^))hh))^^^))))))
)))---)^)))hhhhhh)))))hhh)))))))))))))))^^^^^))))hhh))^^^^)))))
))))))))))hhhhhhhh)))hhhhhh))))^)))))))^^^^^^)))hhhh))^^^^)))))
))^^^^))))hhhhhhhhhhhhhhhhhh)))^)))))))^^^^^^)))hhhh))^^^))))))
))^^^)))))hhhhhhhhhhhhhhhhhhh))))))))))^^^^^^^))))hhh)^^^---)))
))^^^))))h))hhhhhhhhhhhhhhhhhh))))))))))))^^^^^)))))h))))----))
))^^^))))))))hhhhhhhhhhhhhhhhhhh)))))))--)^^^^^^)))))))-------)
))^^))))---)))hhhhhhhhhhhhhhhhhhh))))))----^^^^^)))))))-------)
)))))))-----))hhhhhhhhhhhhhhhhhhhh)))-------))))))))))h-------)
)))))))-----))hhhhhhhhhhhhhhhhhhhhh))-------)))))))))hhhh-----)
))))))h-----hhhhhhhhhhhhhhhhhhhhhhhhh-------))))hhhhhhhhh----hh
