hhhh)))^^)))))h------hhh))^^^-----hhh)))))^^^^^^^^^^^^^^^^)))))
hhhhh))---)))hh----h---h)))-------hh)))))^))))))))))^^^^^^)))))
hhhhhh)------hhhhhhh---h)))------hh))))^^)--)))))))))^^^^^)))))
hhhh)))--------hhhh----hhh)))---hh)))))^))-)))))))h)))^^^^)))))
h--))))--------hhhh)hhhhhhhhh---))))))))))---))))hhh))^^^^)))))
))))-))--------hhh)))---hhh))))))))))))))----))-))h)))^^^^^^)))
))^^^)))--------hhh-h----h))))))))^^^))hh----))-))))))^^^^^^^))
)^^^^^))--------hhhhh------))))))^^^^))hh--^^^))))))))^^^^^^^^)
^^^^^^))--------hhhh-------))))))^^^^))h)))^^^^^))))))^^^^^^^^^
^^^^))))))))))))))hh-------))))))^^^^))))))^^^^^^^^^)^^^^^^^^^^
)))))))hhh))))))))hh--------h))))))))))))))^^^R^^^^^^^^^^^^^^^^
)))hhhhhhh))))))))hh)--^---hh))))))))))))))^^^RRRRR^^^^^^^^))))
)hhhhhhhhh)))))))))))))^))-)))))))))))))))))^^RRRRRR^^^^^^)))))
)hhhhhhhhh)))))^^^)))))))))))))))))))))))))))^^RRRRR^^^^^^^))))
hhhhhhhhh))))^^^^^^^^^^^^^^^^))))))))))))))))^^RRRRRR^^^^^^^)))
)hhhhhhh)))))^^^^^^^^^^^^^^^^^))))))))))))hh))^RRRRRR^^^^^^^)))
)hh---))))))))^^^^^^^^^^^^^^^^))))))))))))))))^^^^^^^^^^^^^^^))
)------)^^))--)^^^^^^^^^^^^^^)))))))))))))))))^^^^^^^^^^^^^^^))
)-----^^^^))---))))))^^^^^))))))))))))))))^^^))^^))-)-^))))))))
)----^^^^^------))))))^^^))))---))))))))^^^^^^^^))))))))^^)))))
))---^^^^^-----))))))))^)))-----)))))))^^^^^^^^^))))-))^^^^))))
))-^^^^^^----))))))))))))))-----)))))))^^^^^^^^^^))))^^^^^^))))
))^^^^^^^--))))))^^^^)))))^^^----)))))))^^^^^^^^^^^^^^^^^^)))))
-^^^^^^^^)))))))^^^^^^)))^^^^^^))))))))))^^^^^^^^^^^^^RR^^)))))
-^^^^^^^))))))))^^^^^^^))^^^^^^^))))))))))^^^^^^^^^^^^RR^^)))))
----^^^^)))))))))^^^^^)))^^^^^^^^-)))))))))^^)))))^^^^RR^^)))))
-----))))))))hh)))^^^)))---))^^^^-)))))))))^--)))))^^^RR^^)))))
----)))))))))hhh))))))))----))^^^---)))---^^-----)))^^^R^^)))))
---))))))))))hhhh)))))))----))^^^^---))---^-------)^^^^^^))))))
))))))))))))))hhh)))))))))))^^^^^^^--))-^^--------^^^^^^^))))))
^^^^^)))))^^))hhh---)))))^^^^^^^^^^^^^^^^---------^^^^^))))))))
^^^^^^)))^^^^))hh---))))^^^^^^^^^^^^^^^^---------^^^^^)))))-)))
^^^^^^)))^^^^^)))-----)^^^^^^^^^^^^^^^^---)----))^^^^^)))))-)))
^^^^^))))^^^^^^))-----)^^^^^^^^---^^^))---)---))^^^^^^))))))))^
^^^^^)))))^^^^^^^-----^^^^^-------^^^)))))))^^)^^^^^^)))))-^^^^
^^^^^)))))^^^^^^^-----^^^)-------^^^^))))))^^^^^^^^^^)))))^^^^^
^^^^^)))))^^^^^^)------)))-------^^^^)))))^^^)))))))))))))^^^^^
))^^^)))))^^^^))))-----)))-^^^^^^^^^^)))))^^^)))))))))))))^^^^^
))^^^^)))^^^^)))))-----)))^^^^^^^^^^^)))))^^))))))))))))))^^^^)
))^^^)))))^^^)))))^^^--)))^^^^^^^^^^^)))))^^)))hh)))))hh))^^^^^
)^^^^)))))^^^^))))^^^--))^^^^^^^^^^^^)))))^^)))hh)))))hh))^^^^^
)^))))))))))^^^))^^^^^))^^^^^^^^^^^^^^)))^^))))-----))hh)))^^^^
))))))hhh))))^^^^^^)^^^^^^^^^^^^^^^^^^^^^^))))-----------))))))
)))))hh-hhh)))^^^^)))^^^^^^^^^^^^^^^^^^^^)))))-----------h---))
)))))hhhhhh)))^^^))))^^^^^^^^^^^)^^^^^^)))))hh----------------)
))))))hhhhh)))^^^))))^^^^RR^^^))))))))))))hh)hhh---------h-----
)))^-))hhh))))^^^))))^^^RRR^^)))))))))))hhhhhhhhhh-------))----
-)^^^)))))))))^^^))))^^^RRR^^^)))))hhhhhhhhhhhhhhh------))-----
--^^^^))))))))^^))))))^^R^^^^^^))))hhhhhhhhhhhhhhhhh---h-h-----
--^^^^^)))^^^^^^^)))))^^^^^^^^^)))))hhhhhhhhhhhhhhhh---hhh-----
---^^^^^^^^^^^^^^^^^^^^^^^^^^^^^)))))hhhhhhhhhhhhhhhhhhhh))))))
---^^^^^^^^^^^^^^^^^^^^^^^^-^^^^^^))))hhhhhhhhhhhhhhhhhhh)-----
----^^^^^^^^^^^^^^^^^^^^----))^^^-))---hhh----hhhhhhhhhhh------
-)))^^^^^^^^^^^^^^^^))))------))))-----hhh----hhhhhhhhhhh------
h))))^^^^^---^^^^^))))))-------))))----hh)-------hhhhhhhh------
))))))^^^))-))^^^)))))))-------)))^^----))------hhhhhhhhhh-----
))))))))))))-)^^))))))))------)))^^^---))-^^----hhhhhhhhhh-----
))^^))))))hh)))^))))))))------))^^^^^--))))---)---hhhhhhhh-----
)^^^))))hhhh)))))))^^^^)))---))^^^^^^)))))))-))---hhhhhhhhhh))-
)^^^^))hhhhhh))))^^^^^^^))hhh)))^^^^^)))))))))----hhhhhhhhh))))
))^^)))hhhhhhh))))))))))))hhhh))))))))))))))))h---hhhhhhhhhh)))
)))))))hhhhhhhh))))))))))hhhhhh))))))))hh))))hhhhhhhhhhhhhhhhh)
)))))))hhhhhhhhh))))))))hhhhhhh))))))))hhhhhhhhhhhhhhhhhhhhhhhh
