))))))))))%((^^((^^(^())))))))))))))))))))))))))))))))))))))))rr
))))))))))%^^^^^^^^^^%))))))))%%))))))))))))))))))))))))))))))rr
))))))))))%^^(^^(^^^(%)))))))$(^%)))))))))))))))))))%%%%%)))))rr
))))))))))%^^^^^^^^^^%))))))))%(^%)))))))))))))))))%(((^(%))))rr
)))))))))%^^^%%%%%((%%))))))))((%---)))))))))))))))%%(%%%)))))rr
))))))))%^%%%))))))))$))))))))%(%-+--)))))))))))))))))))))))))rr
%%%))%%%^%))))))))))))))))))))%^%-++-)))))))))))))))))))))))))rr
^^^%%^^^^%))))))))))))))))))))%^%----)))))))))))))))))))))))))rr
^^^(^^^^(%)))))))))))))$)))))))%%)))))))))))))))))))))))))))))rr
^^(^^^^^^^%))))))))))%%^%)))))))))-)))))-)))))))))))))))))))))rr
^^^^^^RR^^^%%%%%%%%%%^^^%))))))))%%%%)))))))))))))))))))))))))rr
^^^^^^RrR^^^^^^^^^^^^^^^^%))))))%^^^^%----))))))))))))))))%%%%rr
^^^%^^^R^^^^^^^^^^^^^^^^%)))))%%^^RR^%--+--)))))))))))))))%^^^rr
^^%)%^^^^^^^^^%%%^^(^^^^%))))%^^^RRR(^%----)))))))))))))))%^^^rr
^%)))%^^^^^^^%)))%^^^^^^%))))%^^RR^^^^^%--))))))))))))))))%^^^rr
%)))))%^^^^^^%)))%^^^^^^%))))%^RR^^^^^^^%)))))))))%%%)))))%^^^rr
))))))%^^^^^^^%)%^^(^^^(%))))%^^^^^^(^^^%)))))))))%^%)))))%^^^rr
))))))%^^^^^^^^%^^^^^^^^%)))))%^^^^((^^^%))))))))$%%%%)))%^^^^rr
))))%%^^^^^^^^^^^^^^^(^^%))))))%^^^^^^^^^%%%%)))-----%%%%^^^^%rr
)))%^^^^^^^^^^^^^^^^^^^^%))))))%^^^^^^^^^^^^^%%)-+++-)%^^^^^%)rr
))$%%%%%%%^^^^^^^^%%^^^^%)))))))%##^%%%%%%%^^^^%---+-))%%%%%%)rr
))))))))))%^^^^^^%))%^^^^%%)))))%##%)))))))%%^^^%-+--)))))))))rr
))))))))))%^^^^^%))))%^^^^^%%))))))))))))))))%^^%---))))))))))rr
))))))))))%^^^%%))))))%^^^^^^%))))))))))))))))%%)-))))))))))))rr
))))))))))%^^%)))))))))%%^^^^%))))))))))))))))))))))))))))))))rr
)))))))))%^^%))))))))))))%^^^%))))))))))))))))))))))))))))))))rr
%%%%%%%%%^^%))))))))))))))%^^%))))%%)))))))))))))))%%)))))))))rr
^^^^^^^^^^^%))))))))))))))%^^%)))%^^%)))))))))))))%^^%)))))))%rr
^^^%^^^^^^^%))))))))))))))%%%%)))%^%%)))))))))))))%^%%)))))))%rr
^^%)%^^^^^%))))))))))))))$)))%%%%%%))))))))))))))))$)))))))))%rr
^%)))%^^^^%)))))))))%%%%%))---%^%))))))))))))))))))))))))))))%rr
%)))))%^^%)))))))))%^^^^%))-+-%%-))))))))))))))))))))))))))))%rr
%))))))%%))))))))))%^^^^%))------))))))))))))))))))))))))))))%rr
))))))))))))))))))%^^^^^^%)--++--))))))))))))))))))))))))))))%rr
)))))))))))$))))))%^^^RR^^%%--+-)))))))))))))))))))))))))))%%^rr
))))))))))%^%%)))%^^^^^R^^^^%---))%%))))))))))))))))))))))%^^^rr
)))))))))%^^^^%%%^^^%%^^^^^^^%--%%^%)))))))))))))))))))))%^^^^rr
))))))))%^^^^^^^^^^%))%%%^^^^^%%^^%))))))))))))))))))))))%^^%%rr
))))))))%^^^^^RR^^%))))))%^^^^^(^%)))))))))))))%%)))))))%^^%))rr
))))))))%%^^^^^^^%)))))))%^^^^^^%)))))))))))))$^%)))))))%^%)))rr
))))))))))%%%%%%%)))))))%^^RR^^^%))))))))))))))$))))))))%^^%%%rr
%))))))))))))))))))))%%%^^RrrR^^^%%)))))))))))))))))))))%^^^^^rr
^%%%%))))))))))))))))%^^^RrrrrR^^^^%%%%%%)))))))))%%%%%%^^^^^^rr
^^^^^%)))))))))))))))%^^RRRRRrrRRR^^^^^^%))))))))%^^^^^^%^^^^^rr
^^^^^%)))))))))))))))%^^^^^^^RrrrrR^^^^^%))))))))%^^^^%%)%%%%^rr
^^^^^^%%)))))))))))))%^^^^%%%^RrrR^^^^^^%)))))))))%^^%)))))))%rr
^^^^^^^^%%%%%%%%%%)))%^^^%)))%^RR^%%%^^^%))))))))))%%)))))))))rr
%%%^^^^^^^^^^^^^^%)))%^^%)))))%^^%)))%%%))))))))))))))))))))))rr
)))%%^^^^^^%%%^^%%)))%^%))))))%^%)))))))))))))))))))))))))))))rr
)))))%^^^^%)))%%))))))%%)))))))$))))))))))))))))))))))))))))))rr
))))))%^^%)))))))))))))$))))))))))))))))))%%%)))))))))))))))))rr
))))))%^%)))))))))))))))%%%%%))))))))))))%^^^%%)))))))))))))))rr
)))))))$)))))))))))))))$^^%%%))))))))))))%^^^^^%))))))))))))))rr
))))))))))))))))))))))))%%)))))))))))))))%%%%%%)))))))))))))))rr
)))))))))))))))))))))))))))))))))))))))))))))))))))%%%))))))))rr
))))))))))%%%))))))))))))))))))))))$))))))))))))))%^^^%%))))))rr
)))))))))%^^%))))))))))))))))))))%%^%))))))))))))%^^^^^%))))))rr
))))%%%%%^^^^%)))))$))))))))))%%%^^^%))))))))))%%^%%%^^%))))))rr
)))%^^^^^^^%%%)))%%^%%%%)))%%%^^^^R^^%)))))))))%^%)))%^^%%%)))rr
)))%%%%%%%%))))))%%%%%)))))%%^^^^^^^^%)))))))))%%)))))%%%%%%))rr
)))))))))))))))))))))))))))))%%%%%%%%%))))))))))))))))))))))))rr
))))))))))))))))))))))))))))))))))))))))))))))))))))))))))))))rr
rrrrrrrrrrrrrrrrrrrrrrrrrrrrrrrrrrrrrrrrrrrrrrrrrrrrrrrrrrrrrrrr
rrrrrrrrrrrrrrrrrrrrrrrrrrrrrrrrrrrrrrrrrrrrrrrrrrrrrrrrrrrrrrrr
