---))%^^%)))))))))))))))))))))))))))))))))))))%^^^^^^^%)))))))rr
)----%^^^%))))))))))))))))))))))))))))))))))))%^^^^^^^^%%)))))rr
)-++--%^^^%%%)))))))))))))))))))))%%%)))))))%%^^^^RRRR^^^%%%%)rr
)--++-%^^^^^^%))))))))))))))))))))%^^%)))))%^^^^^^RrrrRR^^^^^%rr
))-+--%^^^^^%)))))))----)))))))))$%^^%))))$%%^^^^^RRRRRR^^^^^^rr
))---)%^^^^^%)))))))-++----))))))))%%%)))))))%^^^^^^^^^^^^^^^^rr
%-))))%^^^^^%)))))))--++-+--))))))))))))))))))%^^^^^^^^^^^^^^^rr
%))))))%^^^^%)))))))-+++--+-)))))))))))))))))))%%%%^^^^^^^%^^^rr
%))))))%^^^^^%))))))---+----)))))))))))))))))))))))%%%%%%%)%%^rr
%))))))-%%%%%%)))))))))))))))))))))))))))))))))))))))))))))))%rr
%))))))------%%))%%%%%%)%%%%))))))%%%)))))%%)))))))))))))))))%rr
%)))-))-++++--)$%^^^^^^%^(^^%)))))%^^%)))%^^%)))))))))))))))))rr
%))))))------)))%%%^^^^^^^^%%))))%^^(%)))%^^%)))))))))))))))))rr
--))-%%%%%--)))))))%%%%(%%%))))))%^^^%)))%^(%)))))))))))))))))rr
))--)%^^^^%))))))))))))$))))))))))%^^^%)%^^^%)))))))%(%%))))))rr
-))))%^^^^%--)))))))---))))))))))))%^^^%^^^^%))))))%^^(^%%%)))rr
)))))%^^^%----)))))--+--)))))))))))%^^^^^^^^%)))))%^^^^^^%))))rr
))))))%%%--++-)))))-+---))))))))))%^^^^^^(^^^%)))%^^^(^^%)))))rr
)))))))))--++-)))))-++-$)))))))))%^^^^^^^^^^^^%%%^^^^^^%))))))rr
))))))))))----)))))--+-$)))))))))%^^^^^^^^^^^^^^^^^^^(^%))))))rr
)))))$)))))))))))))-----)))))---%^^^^%%%%%%%%%%^^^%^^^%)))----rr
))))%^%%)))))))$))))))))))))---%^^%%%----))))))%%%)%%%%)---+-+rr
)))%^^^^%)))%%%^%%%))))))))))--%^%)))-++---)))))))))))))-+-++-rr
)))%^^^^^%%%^^^^^^^%)))))))))))%%-----+--+-)))))))))))))--++++rr
)%%^^^^^^^^^^^^^^^^^%))))))))))%%----++++----))))))))))))--++-rr
%^^^^^^^^^^^^^^^^^^^%---)))))))%%-----++++++--)))))))))%%%-++-rr
^^^^^^^^^^^^^^^^^^^^%-+---))))%^^%%-)---+-----))))))))%^%-----rr
^^^^^^^^^^^^^^^^^^^^%-+-+-))))%^^^^%))-+++-%%%%)))))))%^%---))rr
^^%%%^^^^^^^^^^^^^^^%-+---)))%^^^^%%))---+-%%(^%))))))%%---)))rr
^%)))%^^^^^^^^^^^^^^%----))))%^^^%))))))----)%%%))))))))))))))rr
%)))))%^^^^^^^^^^^^^%--))))))%^^%))))))))))))))%)))))))))))%%%rr
))))))%^^^^^^^^^^^^^%--))))--%%%)))))))))))))))%%%))))))))%^^^rr
))))))%^^^^%^^^^^^^^%)))------)))))))))))))))))%^^%%)))))%^^%%rr
))))))%^^^%)%^^^^^^^%)))-++++-))))))))-))))))))%^^^^%%%(%^^%))rr
)-))))%^^%)))%^^^^^^%)))---+--)))))))-)-))))))%^^^^^^^^^^^%)))rr
---)))%^^%)))%^^^^^^^%)))-++-))))))$)----))%%%%%%^^^^^^^^%))))rr
+-))))%^^%)))%^^^^^^%))))--+-)))))%^%-++--%^%%)))%^^^^^^^^%)))rr
--))))%^%))))%^^RR^^%)))))---))))%^^%--++-%%))))))%^^^^^^^^%%)rr
))))))%^%))))%^RrrR^^%)))))))%%%%^^^%-----%%))))))%^^^^^^^^^%)rr
))))))%%))))))%RrrR^^%)))))))%^^^^^^%--)))%%))))))%^^^^^^^^^^%rr
)))))))$))))))%^RR^^^%))))))%^^^^^^^%--)))%%))))))%^^^^^^^RR^%rr
))))))))))))))%^^^^%%)))))))%^^^^^^^%)))))%%))))))%^^((^^^^^^%rr
--)))))))))))))%%%%)))))))))%^^^^^^^%)))))))))))))%^^^^^^^^^%)rr
+-))))))))%%%%)))))))))))))%^^^^^^^^%)))))))))))))%^^^^^^^^^%)rr
----)))))%^^^^%%))))))))))%^^^^^^^^^^%))))%%----))%%^^^^^^^^%)rr
+++--)))%^^^^^^^%))))))))%^^^^^^^^^%^^%%%%^%-++--)))%^^^^^^^%)rr
++-+-)))%^^^^^^^^%))))%%%^^^^^^^^%%)%^^^^^^%---+-))))%^^^^^^^%rr
++---)%%^^^^^^^^%)))--%^^^^^^^^%%))))%^(^^^%-+++-)))-)%^^^^^^%rr
---%%%^^^^^^^%%%))))--%^^^^^^%%)))))%^^^^^^%-+---))----%%^^^^^rr
-%%^^^^^^^^%%))))))----%^^^^%)))))))%^^^^^%--++--))-----)%^^^^rr
%^^^^^^^^^%))))))))-++--%^^^%))))))%^^^^^^%-++-+-)%%%-+--)%^^^rr
^^^%%%^^^%)))))))))-+++-%^^^%)))))%^^^^^^%---+---)%(%--+-))(^^rr
^^%)))%%%))))))))))-+++-%^^^%)))))%^^%%%%)))---))$^^%)---))%^^rr
##%))))))))))))))))---+-)%%%%%-))%^%%--)))))))))))(^%)))))))%(rr
##)))))))))))))))))-)--------$)))%%----)))))))))))(^%))))))))%rr
^%)))))))))%%)))))))-))))-++-)))))-----)))))))))))%^%)))))))))rr
%))))-----)%%)))))))%%%%)-----))))))---)))))))))))%%^%)))))))rrr
%)))--+++-)%^%))))%%^^^^%%%--)))))))-$-)))))))))))))%%))))))))rr
))))-+-++-))%%%%%%^^^^^^^^^%)))))))))%%%))))))))))))-%%(%-))))rr
))))------))))%%%%%%%%%%%%%%-)))))))))%%)))))))))))----%%---))rr
)))))))-))))))))))))))))))))----)-)))))))))))))))))-+------)))rr
))))))))))))))))))))))))))))-++-)))))))))))))))))))--+--++-)))rr
rrrrrrrrrrrrrrrrrrrrrrrrrrrrrrrrrrrrrrrrrrrrrrrrrrrrrrrrrrrrrrrr
rrrrrrrrrrrrrrrrrrrrrrrrrrrrrrrrrrrrrrrrrrrrrrrrrrrrrrrrrrrrrrrr
