)))))))))))%^^^^^^%%---))))))))))))))))))%(((%))))))))))))))))rr
)))))))))))%^(^(^^^(%%%%%%%))))))))))))))%^^(%)))))))))%(%%%))rr
))))))))))%^^^^^^^^^^^((^^(%))))---))))))%^^^%--)))))))%^^^^%%rr
)))))))))%^^^^^^^^^(^^%%%%%^%))--+-)))))))%^^%------)))%^^^^^^rr
))))))))%^^^^^%%%^(^^%)))))%%%--+--)))))))%%%%-+--+---)%^^^^^^rr
%%%%%%%%^^^^^%)))%^^%)))))))))-+++-))))))))))--+-+++--%^^^^^(^rr
%^(^^^^(^^^^%)))))%^%)))-----)-+-+-))))))))))--++-+--%^^(^^^%%rr
)%%%%%%%%%^^%)))))%^%)))-++--)-----))))))))))-+++-+-$^^^^^^%))rr
))))))))))%%)))))))%%)))-+--%%%%--)))))))))))--++-+--%^^^^^%))rr
))))))))))%%)))))))%%)))---%^^^^%)))))))))%%%)---++--%^^^^^^%)rr
))))))))))%%)))))))%%))))-%^^^^^%)))))))))%^^%))--++--%^^^(^%)rr
))))))))))%%))))))$^^%)))%^^^^^^%)))))))))%^^%)))-----%^^^^^%)rr
)))))))))$)))))))))%^^%%%^^^^^^^%))))))))))%%)))))--%%^^^^^^%)rr
)))))-%%%))))))))))%^^^^^^^^^^^^^%))))))))))))))))%%^(^^^^^^%)rr
))---$^%))))))))))))%^^^^^^^^^^^^%)))))))))))))))%^^^^^^^^^^%)rr
))-+--%%)))))))))))%^^^^^^^^^^^^^^%))))))))))))))%^^^^^^^^%%%)rr
)--++-$)-))))))))%%^^^^^^^%%%^^^^^%)))))))))))))))%%%^^^^%--))rr
--++-----)))))%%%^^^^^^^^%)))%^^^^^%)))))))))))))))))%^^%---))rr
-+-+---)%%%%%%^^^^%^^^^^%-))))%^^^%)))))))))))))))))))%%----))rr
-+---))%^^%%%%%%%%)%%%%%--)))))%%%^%))))))))))))))))))---++--)rr
---))))%^%))))))))))))----)-))))))%%))))))%%%%))))))))-+++--))rr
))))))$^%)))))))))))))))))))))))))%^%)))))%^^^%%))))))-----)-)rr
)))))))$))))))))))))))))))))))))))%^%))))%^RR^^^%%)))))))))%%)rr
)))))))))))))))))))))))))))))))))%^%)))))%^RR^^^^%)))))))))%%%rr
))))))))))))))))))))))))))))))))%^%%)))))%^^^^^^%))))))))))))%rr
%%%%)))))))))))))))%%%%%))))))))%%))))))))%^^^^^%)))))))))))))rr
^^^^%)))))))))))))%^^^^^%))))))$%)))))))))%^^^^%))))))))))))))rr
^^^^%)))))))))))))%^^^^%)))))))))))))))))))%%^^%))))))))))))))rr
^^%%))))))))))))))%%%%%%)))))))))))))))))))))%%)))))))))))))%%rr
^%)))))))))))))))))))))))))))))))))))))))))))))))))))))%%%%%^^rr
%)))))))))))))))))))))))))))))))))))))))))))))))))))))%^^^^^^^rr
))))))))))))))))))))))))))))))))))))))))))))))))))))))%^^^^^^^rr
))))))))))))))))))))))))))))))))))))))))))))))))))))))%^^^^^^^rr
)))))))))))))))))))))))))))))))))))%%))))))))))))))%%%^^^^^^^%rr
))))))))))))))))))))))))))))))))))%^^%))))))))))))$^^^^^^^%%%)rr
)))))))))))))))))))))))))))))))))%^^^%)))))))))))))%^^^^^%))))rr
))-)))))))))))))))))))))))%%%%)%%^^^^%)))))))))))))%^^^^^%))))rr
)-))))%%%)))))))))))))%%%%^^^^%^^^^^^%)))))))))))))%^^^^%)))))rr
)-))))%^%)))))))))))))%^^^^RRR^^^^^^^%)))))))))))))%^^^^%)))))rr
)))))))$))))))))))))))%^^^^^RrRR^^^%%%)))))))---))))%^^^%)))))rr
))))))))))))))))))))))%^^^%%%RrrR^%--%%%%%)))-+-)))))%^^%)%%))rr
))))))))))))))%%%)))))%^^%)))%RR^%---)%^%))))---)))))%^^^%^^%%rr
)-))))))))$%%%^^%))))))%%))))%^^%----)%^%)))))))))))))%^^^^^^^rr
--)))))))))%%^^%))))))))))))))%%%-+-)))%%))))))))))))))%^^^^^^rr
---))))))))))%%%)))))))))))))))-----)---%-))))))))))))))%%%%%%rr
+-)))))))))))))%%)%%))))))))-------%%--$^%%))))))))%%----)---)rr
--%%%))))))))))%^%^^%)))))))-+-)--%^^%%-%%^%))))))%^%--+---+-)rr
-)%^^%)))))))))%^^^%%)))))))---))-%%%%---)%%))))-)%^%-++++++-)rr
))%^^%)))))))))%^^%)))))))))))))))))))))))))))))--%^%--++++--)rr
))%^^%))))))))%^^%)))))---)))))-+---+---))))))))---%--+-++--))rr
)%^^^^%)))))))%^%--))))-+-)))))--+-+++-)))))))))--%%---++--)))rr
-%^^^%))))))))%^%----))-++))))))-++++--))))))))))%^^%-----))))rr
%^^^^%))))))))%^%--+-))--+))))))---++-)))))))%%%%^^^^%%%%%%%))rr
%^^^%)))))))))%^%----))-++))-)))))-+--)))))%%^^^^R^^^^^^^^^^%%rr
-%^^%)))))))))%^^%%--))---)-))))))---)))))%^^^^RRR^^^RR^^^^^^^rr
--%^%)))))))))%^^^%%%%))))))----))))))))))%%^^^RR^^^^^^^^^%%%%rr
--##^%))))))))%^^%))%^%%%)))-+-)))))))))))))%%^^^^^^^^^^^%^^))rr
))##^^%%)))))$^^^%)))%^^^%))))))))))))))))))))%%^^%%^^^^^^^)))rr
)-%%%%%%))))))%^%)))))%^%))))-+-)))))))))))))))^^^^^^^^^^)))))rr
--))))))))))))%%))))))%%)))))---))))))))))))))))))))))))))))))rr
+--)))-----))))))))))))))))))))))))))))))))r))))))))))))))))))rr
))))))))))))))))))))))))))))))))))))))))))))))))))))))))))))))))
rrrrrrrrrrrrrrrrrrrrrrrrrrrrrrrrrrrrrrrrrrrrrrrrrrrrrrrrrrrrrrrr
rrrrrrrrrrrrrrrrrrrrrrrrrrrrrrrrrrrrrrrrrrrrrrrrrrrrrrrrrrrrrrrr
