))))))))))))))))))))))))-+-))---)%^^%))))))))))---))))))))))))rr
))))))))))))))))))))))))-+-))-+-))%^^%)))))))---+---))))))))))rr
))))))-----)))))))))))---+----+---)%^^%-)-)))-++-++-))))))))))rr
))))))-+-+---))))))%%)-+-+--+++++--%(^^%%))))--++++-))))))))))rr
))))))----++-))))))%^%---++++++---%^^%%%----)---+++--)))))))))rr
)))))))------))))---%^%---------%%^^%))))-+-))-+++--))))))))))rr
))))%(%(%-+-)))))-+--%^%%%%%%%%%^^^^%))))---))-++--)))))))))))rr
)))%(((%--+-)))))-++--%%%%^^^^^^^^^^^%))))))))----%%))))))))))rr
)))%%----+--)))))---+--)))%%%%%%%%%%^^%))))))))))%^^%))))-))))rr
)))))-++++-)))))))-----)))))))))))))%^^%))))))))%(^((%))))))))rr
))))))---))))))))))))))))))))))))))))%^^%))))))%^^^^^^%%%%%%))rr
))))))-+--)))))))))--)))))))))))))))))%%)))))))%%^((^%%%(%%%-)rr
))))))---)))))))---+--)))))))))))))))))))))))))))%^^%))))))$))rr
)))))))))))))))))---+-))))))))))))))))))))))))))))%%))))))))))rr
)))))))))))))))))-----))%%%%)))))))))))))))))))))))%))))))-)))rr
)))))))))))))))))))))))$%%^^%)))-)%%))))))))))))))%^%)))-)))))rr
))))))))))))))))))))))))))%%))))))%^%)))))))))))))%^%)))))))))rr
)))))))))))))))))))))))))))))))---)%%)))))))))))))%^^%))))))))rr
----)))))))))))))))))))))))))))-+-))))))))%%)))))))%^%)))))-))rr
-+-+)))))))))))))))))))))))))))---)))))))%^^%))))))%^^%)))))))rr
--++-))))))))))))))))))))))))))))))))))))%^%)))))))%^^^%))))))rr
-----)-))))))))))))---))))))))))))))))))))$))))))))%^^^^%)))))rr
%%%--))))))))))))))-+-----))%%%(%%%%%))))))))))))))%^^^^%)))))rr
^^^%%))))%%%%))))))--++++--%^^^^^^^^^%))))))))))))%^^^^^%)))))rr
^^^^^%%%%^^^%)))))))-++--+-%^^^^^(%%%%))))))))))))%^^%%%))))))rr
^^^^^^^^^^^^%)))))))-++----%^^^^^%)))%%%%%%%)))))$^%%)))))))))rr
^^^^^^^^^^^%))))))))-+-+-)))%^^^%)))))%^^^^^%%))))$)))))))))%%rr
^^^^^^^^^^^%))))))))-----))))%^^%)))))%^^^^^^%)))))))))))))%^^rr
^^^^^^^^^^%))))))))))))))))))%^^%))))))%^^^^^%---)))))))))%^^^rr
^^%%%^^^^%))))))))))))))))%%%^^^%)))))%^^^^^%--+--)%%)))))%^^^rr
^%)))%^^%)))))%%%%%%%%%%%%^^^^^^^%%%)%^^^^^^%-+++-)%%))))%^^^^rr
%))))%^^%)))))%^^^^^^^^^^^^^^^^^^^^^%^^^^^^^%--+--%^^%)))%^^^^rr
)))))%^^%)))))%^^^^^^^^^^^^^^^^^^^^^^^^^^^^^^%---%^^^^%)%^^%%^rr
))))%^^^^%%%%%^^^^^^^^^^^^^^^^^^^^^%^^^^^^^^^^%%%^^%^^^%^^%))%rr
))))%^^^^^^^^^^RR^^%%^^^^^^^^^^^^^%)%%^^^^^^^^^^^^%)%^^^^%))))rr
))%%%%^^^^^RRRRR^^%))%^^^^^^^^^^^%))))%%^^^^^^^^%%)))%^^%)))))rr
%%^%))%%%%^^RRRR^%)))%^^^^%%%^^^^%))))))%%%^^%%%)))))%^^%)))))rr
^^^%))))--%%%^^^^%))))%^^%))-%^^^^%))))))))%%)))))))%^^^%)))))rr
^^^%))))-----%^^%)))))%^%)----%^^^^%)))))))))))))))%^^^^%)))))rr
%^^^%)))--++--%^%)))))%^%)-++--%^^^^%)))))))))))))%^^^^^%)))))rr
)%^^^%))-+++--%^^%))))%%))-+-+-)%%^^%))))))))))))%^%%^^^%)))))rr
))%^^^%)--+--%^^^%))))))))--+--)))%^^%))))))))%%%^%))%%%))))))rr
))%^^^^%%--+-%^^^%)))))))))-+-))))%^^^%%%)))))%^^%))))))))))))rr
))%^^^^^^%-+-%^^^%)))))))))---))))%^^^^%))))))%^%)))))))))))))rr
)))%%^^^^%---)%%%)))))))))))))))))%^^^%%)))))))$))))))))))))))rr
)))))%^^^^%)))))))))))))))))))))))%^^%----))))))))))))))))))))rr
))))))%^^^^%)))))))))))))))))))))$^^%--+--))))))))))))))))))))rr
)))))))%^^^^%)))))))))))))))))))))%^%--++-))))))))))))))))))))rr
))))))))%%^^^%))))))))))))))))))))%^^%--+-))))))))))))))))))))rr
))))))))))%^^^%)))))))))))))))))))%%^%----))))))))))))))))))))rr
)))))))))))%^^^%))))))%%%%%)))))))))$)-)))))))))))))))))))))))rr
)))))))))))%^^^^%%%%%%^^^^%)))))))))))))))))))))))))))))))))))rr
))))))))))))%^^^^^^^^^^^^%))))))))-)))))))))))))))))))))))))))rr
)))))))))))))%^^^^^^^^^^^%)))))))$)))))))))---))))))))))))))))rr
))))))))))))))%^^^^^^^^^%)))))$%%^%))))))---+--)))))))))))))))rr
))))))))))))))%^^^^^^^^^%))))))%^%)))-)))-+-++--))))))))))))))rr
)))))))))))))))%%%^^^^^%)))))))%%)))))-))-+-+-+-))))))))))))))rr
))))))))))))-)))))%^^^^%))))))))))))))-))---+++--)))))))))))))rr
))))))))))))))))))%^^^^%))))))))))))-))%%)--+++-))))))))))))))rr
))))))))))))))-)))%%%%%))))))))))))))))$))-+++--))))))))))))))rr
))))))))))))))))))))))))))))))))))))))))))--+++-))))))))))))))rr
)))))))))))))))-)))))))))))))))))))))))))))-+---))))))))))))))rr
rrrrrrrrrrrrrrrrrrrrrrrrrrrrrrrrrrrrrrrrrrrrrrrrrrrrrrrrrrrrrrrr
rrrrrrrrrrrrrrrrrrrrrrrrrrrrrrrrrrrrrrrrrrrrrrrrrrrrrrrrrrrrrrrr
