))))-++++-))))))))))%^^^%-++-)))))%^^^^^^^^^%))))))$))))))))))rr
))))---+--)))))))))))%^^%----))))%%%%^^^^^^^%)))))))))))))))))rr
))))))-+-))))))hhh))))%^^%%%%%))%%--)%^^^^^^%)))))))))))))))))rr
))))))---)))))))hhh)))%^^^^^^^%%%---)%^^^^^^(%)))))))))))))$))rr
)))))))-----)-)))))))))%^^^^^^^^%----%^^^^^^^^%%)%%---))))%^%)rr
))))-))-+++--)))))))))%^^^^^^^^^%---%^^^^^^%^^^^%^^%---)))%^%)rr
)))))))---+-)))))))))%^^^^^^^^^^^%%%^^^RR^%)%^(^^^^%-+-)))%^%)rr
))))))))----))))))%%%^^^^^^^^^^^^^^^^^^^^%)-)%^RR^^%---)))%^%)rr
)))))))))))))))))$^^^^^^^^^^^^^^^^^^^%%%%)---%^^^^^^%--)))%^%)rr
))))))))))%%))))))%^%%%%%^^^^^^^^^^(%)))))-+-)%^^^^^%---))%^^%rr
)%%%)))))%^^%))))))$)))))%^^^^^^^^^%))))))---))%^^^%))))))%^^^rr
$%%^%%%%%^^^^%)))))))))))%^^^^^^^^^^%)))))))))))%%^^%)))))%^^^rr
)))%^^^^^^^^^%)----)%%%%%^^^^^^^^^^^%)))))))))))))%^%)))))%^^^rr
))))%^^^^^^^^%)-++--%^^^^^^^^^^^^^^^^%))))))))))))%^^%%))%^^^%rr
)))))%^^^^^^^%)----)%^^^^^%%%^^^^^^^^^%%))))))))))%^^^^%%^^^%)rr
))))))%^^^%%%---++-)%^^^^%)))%^^^^^^^^^%)))))))-))%RR^^^^^^^%)rr
))))))%%^%)---+++--)%^^^^%))))%%%%%^^%%%))-------)%^R^^^^^^^^%rr
))))))))$))--++---%%^^^%%))))))))))%%)))))-+++++-)%^^^^^^^^^^^rr
%%%%)))))))-++----%^^^%)))))))))))))))))))---++--)%^^^^%^^^^^^rr
^^^^%)---))--+-))%^^^%))))))))))))))))))))))--+-))%^^^%)%^^^^^rr
%^^^%--+--))---))%^^^%))))))))))))))))))))))----))%^^%)))%^^^^rr
)%^^%-++--)))))))%^^%))))))))))))hhhh))))))))))))%^^^%)))%^^^^rr
))%%--+-)))$))))))%^%)))))))))))))hhhhhh)))))))))%^%%))))%^^^%rr
))%--++---%^%))))))%))))))))))))hhhhhhhhhh)))))))%%---))))%^^%rr
%%%----)-)%^^%)))))%)))))))$)))))hhhhhhhhhh))))))))-+-))))%^^^rr
^%---)))))%^%)))))%^%))))))%%)))h)))hhhhh)))))))))--+-))))%^^^rr
^%-)))))))%^%)))))%^%)))))%^%))))))hhhhhhh))))))))-++--)))%^^^rr
%---)))---%%))))))%^%)))))%^%))hh))))hhhhhh))))))---+-))))%^^^rr
-++-))--+-))))))))%^%)))))%%^%)))))))))))))))))))))---))))%^%%rr
+++-))-++-)))))))))%%)))))))%^%%)))hhhhhhh)))))%%%)))))))))$))rr
++-)))----)))))))))))))))))))%^^%)))))hhhhh)))%^^%))))))))))))rr
-+-))))))))))))))))))))))-))))%^%))))))))hhhh)%^%)))))))))))))rr
-%%))))))))hh))))))))-)-)-))))%%%)))))))))))))%%%)))))))))))))rr
))%^%))))))hhhhh)))))))-)-))))))))))))))))))))))))))))%%%%%)))rr
))%^^%)))hhhhhhhhh)))))))))))))))))$))))))))))))))))%%^^^^%)))rr
)%^^^%))))))hhhh))))))))))))))))))%^%))))))))))))))%^^^^^^%-))rr
)%^^^%))))))-))))))))))))))))))))%^^%))))))))))))%%^%%^^%%---)rr
)%^^%))))))-----))---)))))))))))%^^^^%)))))%%%%%%^^%))%%)--+-)rr
)%^^%)))))))-++-))-+--)))))))))%^^((^%))))%^^^^^^^^%))))--+--)rr
)%^^%)))))))-++----++-))))))))%^^^^^%))))%^^RRRR^^%))))))---))rr
%^^^%)))))))----------)))))))%^^^^^^%))))%^^^^R^^%)))))))-)-))rr
^^^^%)))))))----------))))-))%^^^^^^%)))))%%%%^^%))))))))))))%rr
^^^^%))))))))))))))))))------%^RR^^^%))-----))%%)))))))%%%%%%^rr
^^^^%))))))))))))))))))-+-++-%^RR^^^%)--+++-)))))))))))%^^^^^^rr
^^%%^%)))))))))))))))))--+++-%^^^^^%%)-+++--))))hhhh)))%^^^^^^rr
^%))%^%%%%))))))))%%%%%%---+--%^^%%)))------))))hhhhh))%^^^^^^rr
%))))%^^^^%%%%%%%%^^^^^^%%-++-%^%))))))))))))))))hhhhhh)%^^^^^rr
%))-))%^^^^^%%^^^^^^^^^^^%-+---$)))))))))))))))))))))))))%^^^^rr
---)))%^^^^%))%%%%^^^^^%%)------))hhhh)))))))))))))))))))%^^^^rr
-+--))%^^^^%))))))%^^%%----))))))))hh)))))))%%%%%%%%%%))%^^^^%rr
+---%%^^^^^%))))))%^%))-+--)))))))))))))%%%%^^^^^^^^^^%%^^^^^%rr
--%%^^^^^^^%))))))%^%))-++-)))))))))))%%^^^^^^^^^^^^^^^^^^RR^^rr
-%^^^^^^^^%----)-)%%%))-+--)))))))))%%^^^^^^%%^^^^^^^^^^^^RR^^rr
##^^^^^^^%)-++---$%))))---)))))%%%%%^^^^^^^)))%%%((^^^^^^^^^^^rr
##^^^^^^%))--+++---)))))))))))%^^^^^^^^^^^%))))))((^^^^^^^^^^^rr
%^^^^^^^%)))-+-+++-)))))))))))%^^^^^^^^^^%)))))))%^^^^^^^^^^^^rr
^^^^^^^^%)))-------)))))))))))%^^^%%%^^^%)))))))%^^^^^^^^^^^^^rr
^^%%%^^^^%)))-)))))))%%%%%))))%^^%)))%^^%))))%%%^^^^^^^^^^((^^rr
^%)))%^^^^%)))))))))$^^^^%))))%%%---))%%%)))%^^^^^^%^^^^^^((^^rr
%)))))%^^^^%)))))))))%^^^%))))))--+--)))))))%%^^^%%)%%^^^^^^^^rr
)))))))%%%%)))))))))))%%%)))))))--++-)))))))))%%%)))))%%%%%%%%rr
))))))))))))))))))))))))))))))))-----))))))))))))))))))))))---rr
rrrrrrrrrrrrrrrrrrrrrrrrrrrrrrrrrrrrrrrrrrrrrrrrrrrrrrrrrrrrrrrr
rrrrrrrrrrrrrrrrrrrrrrrrrrrrrrrrrrrrrrrrrrrrrrrrrrrrrrrrrrrrrrrr
