)))---)))))))))))))))))))))))))$))))))))))%(^%%)))))))))))))))rr
))--+--))))))))))))))))))))))))))))))))))))%%-))))))))))))))))rr
))-+++--)))))---)))))))))))))))))))$)))))))%%----))))))))))%%)rr
))--+---))))--++))))))))))))))))))%^%))))))%--++-)))))))))%^%)rr
)))-+-))------++)-)))))))))))))))%^^^%))))%%---+-)))))))))%(^%rr
)))------++-+++-)))))))))))))))))%^RR^^%%%%)))---)))))))))%%%%rr
))%%))-+++--+-++))))))))))))))))%^RrrR^^^^%)))-)))))))))))))))rr
)%^^%--++------+)))))))))))))))$^^RRRR^^^%)))))))))%%)))))))))rr
)%^(^%----)$))--))-)))))))))))))%^^^^^^%%))))))))))%(%))))))))rr
))%%%%----%(%))))))))))))))))))))%%^%%%))))))))))))))$))))%%%)rr
)))))$)))%^^%)))-)---)))))%%%))))))$))))))))))))))))))))%%^^%)rr
))))))))%^^(%))))--+-)))))%^%))))))))))))))))))))))))))%^^RR^%rr
))))))))%^^^%)))))---))))%^^^%))))))))))))))))))))))))%^^RrR^^rr
))%%%))))%^^%)))))))$)))%^^%%))))))))))))))))))))))))%^^RrR^(^rr
)%^^^%)))%(^%)))))%%^%%%^%%)))))))))))))))))))))))))%^^^RR^^^^rr
%^^R^^%)%^^^%)))))%^^^^^%))))))))))))))))))))))))))%^^^RR^^^^^rr
^^RRr^^%^^^^%))))$%%%%%%)))))))))))))))))))))))))))%^^^RR^^%%^rr
^^^^RR^^^(^%%--)))))))))))))))))))))))))))))))))%%))%^^R^^%))%rr
^^^^^RRR^^%)----)))))))))))))%%%%%%%)))))))))%%%^%)))%^R^%))))rr
^^^^^(RR^%))--+--)))))))))))%^^^^^^^%))))))))%^^%))))%^^^%))))rr
^^^%%%^^%)))-+++-))))))))))%^^^^^^^^%)))))))))%%)))))(^^^%))))rr
^^%)))%%))))-----))))))))%%^^^^^^^^^^%))))))))))))))%^^^%---))rr
^%))))))))))%%%%))))))))%(^^^^^^^^^^^^%%))))))))))%%^^^^^%---)rr
%))))))))))%^^^^%))))))%^^RRR^^^^^^^^^^%)))))))))%^^^^^^^%---)rr
)))))))))))%%^^%))))))%^^^RR^^^%%%%%%^^%))))))))%^^RR^^^^^%--)rr
)))))))))))))%%)))))))%^^^^^^^%-)-)))%%))))))))%^^^^^^^^^^^%))rr
))%%)))))))))))))))%%%^^^^^^^%))-)-)))))))%%%%%^^^^^^^^^^^^^%%rr
))%^%)))))))))))))%^^^^^^^^^^%)))--))))))%^^^^^^^^^^^^^^^^^^^%rr
)$^^^%))))))))))))%^^^^^^^%%^%))-))))))))%^^^^^^^%%^^^^^^^^^^%rr
))%^^^%))))))))))%^^^^^^^%))%^%%)))))))))%^^^^%%%))%^^^^^^^^^%rr
)))%^^^%%%%%)))))%^^^^^^%))))%^^%%%))))))%^^^%)))))%^^^^^^R^^%rr
))))%^^^^^^^%))))%^RR^^%))))))%^^^^%)))))%^^^^%)))))%^^^^^R^^%rr
))))%^^^^^^^^%))%^^RR^^%))))))%^^^^%)))))%^^^^^%%%)))%^^^^^^^%rr
)))))%^^^^^^^^%%^^^^^^^%)))))))%^^^^%))))%^^R^^^^%)))%^^^^%%%%rr
)))))%^^^^^^^^^^^^^^^^^%)))))))%^^^^%))))%^^RRR^^%))))%^^%))))rr
)))))%^^^^^^^^^^^^%%%^^^%)))))))%^^^%))))%^RrrrR^%))))%^%)))))rr
))))))%%%%%^^^^^^%)))%^^%)))))))%^^^%))))%^^RRrR^%))))%%))))--rr
)))))))))))%^^^^^%)))%^^%))))))))%^^^%)))%%%^^RR^^%%%)%)))))-+rr
))))))))))))%^^^%)))))%^%))))))))%^^^%))))))%^^^^^^^^%%)))))--rr
)))))))))))))%^^%))))))%^%)))))))%^^^%)))))))%^^^^^^^^^%))))))rr
)))))))))))))%^%)))))))%%%))))))%^^^^%))))))))%^^^^RRR^^%)))))rr
))))))))))))))%%)))))))))))))%%%^^^^%))))))))))%%^^RrrR^^%))))rr
))))))))))))))%^%))))))))))))%^^^^^%)))))))$)))))%^RrrrR^^%%))rr
))))))))))))))%%%))))))))))))%^^^^^%)))))))%%))))%^^RrrrR^^%))rr
)))))))))))))))))))))))))))))%^^^^%)))))))$%%)))))%^^RrrR^^%%)rr
)))))))))))))))))))))))))))))%^^^%))))))------)))))%%^RR^^%)))rr
)))))))))))))))))))%%))))))%%^^^%)))))))-++-+-)))))))%^^^%))))rr
))%%)))))))$))))))%^%))))))%%^^^%)))))))--+++--)))))))%^%)))))rr
)%%%))))))))))))))%^^%))))$%)%%%))))))))-+-+--)))))))))$))))))rr
)$))))))))))))))))%^^%))))))))))))))))))---+--))))))))))))))))rr
)))))))))))))))))%^^^^%)))))))))))))))%%%%---)))))))))))))))))rr
)))))))))))))))))%^^^^%)))))))))))))))%^^^%)))))))))))))))))))rr
)))))))))))))))--%^^^%))))))))))))))))%%%%))))))))))))))))))))rr
))))))))))))))----%%%-))))))))))))))))))))))))))))))))))))))))rr
))))))))))))))-++-----))))))))))))%%%)))))))----))))))))))))))rr
))))))))))))))--+-----))))%%%)))))%^^%))))))-++--)))))))))))))rr
)))))))))))))))------)))))%^%))))%^^^%))))))--++-)))))))))))))rr
))))))))))))))))))-+-))))%^^%))))%%%%%))))))-+++-)))))))))))))rr
))))))))))))))))-----))))%%%))))))))))))))))---+-)))))))))))))rr
))))))))))))))))-+----))))))))))))))))))))))-)---)))))))))))))rr
))))))))))))))))--+-+-))))))))))))))))))))))))))))))))))))))))rr
))))))))))))))))-+----))))))))))))))))))))))))))))))))))))))))rr
rrrrrrrrrrrrrrrrrrrrrrrrrrrrrrrrrrrrrrrrrrrrrrrrrrrrrrrrrrrrrrrr
rrrrrrrrrrrrrrrrrrrrrrrrrrrrrrrrrrrrrrrrrrrrrrrrrrrrrrrrrrrrrrrr
