))--+++-)))))))))))))----%^^^%%%%%%^^%))))))))))))%%)))))))$--rr
))-+++--)))))))$)))))))))%^^%))))))%^^%%))))))))))))))))))))))rr
))--+--)))))%%%^%%%))))))%^^%)))))))%^^^%)))))))))))))))))))))rr
)))---)))))%^^^^^^^%%)))))%^%))))))))%^^%)))))))))))))))))))))rr
))))))))))$%%%%%%%^^%)))))%^^%))))))))%%))))))))))))))))))))))rr
))))))))))))))))))%%)))))))%^%))))))))))))))))))))))%%%)))))))rr
))))))))))))))))))%%)))))))%^^%))))))))))))))))))))%^^^%%)))))rr
))))))))))))))))))%^%)))))%^^^^%)))))---))))))))))%^^^^^^%))))rr
))))))))))))))))))%^^%)))%^^^^^%------+-))))))))))%%^^^^^%))))rr
)))))))))))))))))%^^^^%%%^^^^^%---+-++--))))))))))))%^^^^%))))rr
%%%%)))))))))))%%^^^^^^^^^^%%%--+++-+++-)))))))))))))%^^^%))))rr
(^^^%))))))))%%^^^^^%^^^^^%))--+++------)))))))))))))%^^%)))))rr
%%%%%)))))))%^^^^^^%)%%%%%)))-++----+--)))))))-)))))))%%%)))))rr
)))))))))))%^^^^^^^%)))))))))--+-))----%%)))))))))))))))))))))rr
)))))))))))%^^RR^^^%)))))))%%)-+-)))%%%^^%%%%%%%))))))))))))))rr
)))))))))))%^^RR^^^%)))))))%%)---)%%^^^^^^^^^^^^%)))))))))))))rr
)---()))))%^^^^^^^^%)))))))%^%%)%%^^%%%%%%^^^^^%))))))))))))))rr
%%----))))%^^^^^^^^%))))))))%^^(^^r%------%^^^%))))))%%%%%%)))rr
^%---)))))%^^^^^^^^%)))))))))%^^^rr%--+-+-%^^%))))))%^^^^^^%%%rr
^%-+-))))%^^^^^^^^^%)))))))))%^^rrr%---+--%^^%)))))%^^RRR^^^%^rr
%----$))%^^^^^^^^^^%))))))))))%^^%^^%----%^^^%)))))%^^RrR^^%)%rr
----%^%%^^^^^^^^^^%))))))))))))%%)%^^%%%%^^^^^%)))))%^RrR^%)))rr
))))%^^^^^^^^^^^%%%))))))))))))))%^^^^^^^^^^^%)))))))%^R^%))))rr
))))%^^^^^^^^%%%---)))))))))))---%^^^^^^^^^^^^%))))))%^^^%))))rr
)))))%%%^^^^%)---+-)))))))))---+-%^^^^RR^^^^^^%)))))))%%%)))))rr
%%))))))%%^^%)-----$)))))))))-+--%%%^^RR^^^^^^^%))))))))))))))rr
^%))))))))%^%)--+-%^%))))))))----)))%^RrRRRR^^^%))))))))))))))rr
%-)-))))))%^%))---%^%))))))%%--+---)%^^RrrrrR^^^%)))))))))%%%%rr
-----)))))%^%)))-%^^%)))))%(%)--++-))%^^RRRRR^^^%))))))))%%%%^rr
---+-)))))%^^%)))%^^%----)%^%)---+-))%^^^^^^^^^^%)))))))%%)))%rr
%-+--)))))%^^%)(%^^^%----)%^%))----)%^^^^^^^^^^^%---)))%%)))))rr
%----)))))%^^^%(^^^^^%-+--%%))))-)))%%^^^%%%%%%%%-+-))%^%--)))rr
^%--))))))%^^^^^^^R^^%----%%)))-))))))%%%)))------+--)%%----))rr
%---)))))%%%^^^^^^^^^^%--$%))----)))))))))))-+++++---%^%-++-))rr
%)--))))$%))%^^^^^^^^^%---))--++--))))))))))-+-+++-%%^^%-+---)rr
%))))-)$)))))%^^^^^^^^%%-))--++++-))))))))))--++++-%^^%----)))rr
%))))))))))))%^^^^%%%%)))))-+--+--)))))))))))---++-%%%-----)-)rr
%))))))))))))%^^^%))))---))------))))))))))$)))--------++--)))rr
%))))))))))%%^^^%)))))-+---%%)))))))))))))%%)))))-++-+-+++-)%%rr
))))))))))%^^^^^%)------+-%^^%))))))))))))%^%))))---+-+-+--%^^rr
)))))))))%^^^^^^%--++-++--%^^%))))))))))))%%%))))))-------)%%^rr
))))))))%^^^^^^^%---+-+--%^^^%))))))))))))))%%)))))))))-+-)--%rr
)))%%%%%^^^^^^^^%-+++---)%^^^%))))))))))))))-%%%%%%%)))------)rr
)%%^^^^^^^^^^^^^%---+-))%^^^^%))))%%%))))-)-)-%^^^^^%))))-++-)rr
%^^^^^^^^^^^^^^^%))---)%^^^^^%)))%^^^%)))-)))-)%%%%%%%))---+-)rr
^^^^^^^^^^^^^^^^%))))))%^^^^^%)))%(^^^%)))))))---))))%%)))---)rr
^^^^^^^RRRRR^^^^^%))))%^^^^^^%)))%^^^^^%%%%%))))---)))%%))))))rr
^^^^^^^RRRRRR^^^^%)%%%^^^^^^^%)))%^^^^(^^^^^%))))-)))))%%%%%%%rr
^^^^^^^^^^^^^^^%%-)%^^^^^^^^^^%%%^^^^^^^^^^^^%)))))))))%^^%%^^rr
^^^^%%%%%%%^^%%---))%^^^^^%%^^^^^^^^^^^^^^^^^^%))-))-)))%%))%^rr
^^^%)))))))%%---+--)%^^^^%))(^^^^^%%%^^^^^^^^^^%-%%%%-)))))))%rr
%%^%)))))))))-++++-))%^^^()))%^^^%)))%^^^^^^^^^^%^^^^%))))))))rr
))%^%))))))))------)))%^%)))))%%%))))%^^^^^^^^^^^^^^%%---)))))rr
))%^^%)))))))%%%%%))))%%%)))))))))))))%^^^^^^^^^^((%---+--))))rr
))%^^^%)-)))%^^^^^%)))))))))))-)))))))%^^^^^^^^^%()---+++--)))rr
)%^^^^^%))))%%^^^%%)))))))%%%))))))-)))%^^^^^^^%)))))--+++-%%)rr
%^^^^^%%))))))%%%)))))))))%^^%)))---))-%^^^^^^^%)))))--++--%%%rr
%^^%%%--))%%))))))))))))))%^^^%)--+---))%^^^^^^^%%%%))----)))%rr
%%%))----%^^%)))------))))%((^(%%-+-+-)))%%^^^^^^^^^%)))))))))rr
)))))--+-%^^%)))-+--+--)))%^^^^%------)))))%%%%%^^^^^%))))))))rr
)))))--+--%%%)))---+--)))))%%%%)))))))))))------%%%^%%))))))))rr
))))--+-+-))))-)-++++-))))))))))))))))))))-+--+--))$))))))))))rr
rrrrrrrrrrrrrrrrrrrrrrrrrrrrrrrrrrrrrrrrrrrrrrrrrrrrrrrrrrrrrrrr
rrrrrrrrrrrrrrrrrrrrrrrrrrrrrrrrrrrrrrrrrrrrrrrrrrrrrrrrrrrrrrrr
