))))))))))hh))))))))))^^^^^^^^^^^^^)))))^^^^^^^^^^^^^^^^^))))hh
))))))))hhhhh))))))))^^^^^^^^^^^^^^)^^^^^^^^^^^^^^^^^^^^^^)))))
))^^)))hhhhhh))))))^^^^^^^^^^^^^^^))^^^^^^^))^^^^^^^^^^^^^^^^))
)^^^^))hhhhhh)))))^^^^^^^^^^^^^^^^)))^^^^^-)))^^^^^^^^^^^^^^^^^
^^^^^))hhh))))))))^^^^^^^^^^^^^^^^)))^^^^))-))^^^^^))^^^^^^^^^^
^^^^^)))))))))))))^^^))))^^^^^^^^^^^^)^^)---))^^^^))))))))^^^^^
^^^^)))))))^))))))^^^)))))^^^^^^^^^^^^)))---))^^^^))))))))^^^^^
^^))))))))^^^)))))^^^)))))^^^^^^^^^^^^)))---)^^^^)))hhhh))^^^^^
))))))))))^^^^)))^^^^))))))^^^^^^^^^^^^))))))^^^^)))hhh)))^^^^^
))))))))))))^^^^^^^^^)))))-)-^^^^^^^^^^^))^^^^^^^^)))))))^^^^^^
)))))))))))))^^^^^^^^^)))))---^^^^)))^^^^^^^^^^^^^)))))))^^^^^^
)))))))))))))))^^^^^^^)))-----^^^))))))^^^^^^RR^^^)))))))^^^^^^
))))))))))))))))^^^^^^)))------^^)))))))^^^^^^R^^^)))))))^^^^^^
))))))))))))))))^^)))^^))------^^)))h))))^^^^^^^^^^^)))))^^^^^^
^^^^^^^^^^))))))^^))))^^))----^^)))hhh)))---^^^^^^^^^^))^^^^^^^
^^^^^^^^^^^^)))hhhh))))^^)))--^))))hh))))---)^^^^^^^^^^^^^^^^^^
^^^^^^^^^^^^^))hhhh))))^^^^)))))))))))))))))-^^^^^^^^^^^^^^^^^^
^^^^^^^^^^^^^))))))))))^^^^^)))))))))))^^^^^^^^^^^^^^^^^^^^^^^^
^^)))^^^^^^^^^))))^^^^^^^^^^^)))))))^^^^^^^^^^^^^^)))^^^^^^^^^^
^)))))^^^^RR^^))))^^^^^^^^^^^))))))^^^^^^^RR^^^^^)))))^^^^^^^^^
^))))))^^^^^^^)))^^^^^)))^^^^))))))^^^^^^^^^^^^^)))))))^^^^^^^^
^))))))))^^^^^))))^^^))))))))))h))))))))^^^^^^))))))))))^^^^^^^
^^^^))))))^^^)))))^^^)))))))))hhh))))))))))))))))))))))))^^^^^^
^^^^))))))^^^)))))^^^)))))))))hhh))))))))hhhh))))))^^))))^^^^^^
^^^^^))))))^^^)))^^^^))))))))hhhh))))))hhhhhh)))))^^^^^)^^^^^^^
))^^^)))))))^^^^^^^^^^))))))))h)))))))))hhhhh))))^^^^^^^^^^^^^^
))^^^))))))))^^^^^^^^^^)))))))))))hhh)))hhhh))))^^^^^^^^^^^))))
)^^^^))))))))^^^^^^^^^^))))))))))hhhhhhhhhhhh))^^^^^^^^^^))))))
)^^^^)))))))))^^^^^^^^))))))))))hhhhhhhhhhhhh))))^^^^^)))))))))
^^^^^^))))))))^^^^^^^)))))hhh)))hhhhhhhhhhhhhh))))^^^)))))))))^
^^^^^^^^))))))^^^^^^^))))hhhhhhhhhhhhhhhhhhhhhh)))^^))))))))^^^
^^^^^^^^^))h)))^^^^^^)))))hhhhhhhhhhhhhhhhhhhhh)))^^^))h))))^^^
^^^^^^^^^))hh)))^^^^^^)))))hhhhhhhhhhhhhhhhhhhh)))^^^))))))))^^
))^^^^^^^))hh)))))^^^^^^))))hhhhhhhhhhhhhhhhhhh)))^^^^)))))))))
))^^^^^^^))hhh))))^^^^^^^^)))hhhhhhhhhhhhhhhhhh)))^^^^^^^))))))
))^^^^^^^))hhhh))))^^^^^^^^)))hhhh^^hhhhhhhhhhh)))^^^^^^^))))))
)^^^^^^^^)))hhh))))^^^^^^^^^)))hhh^^h-hhhhhhhhh)))^^^^^^^))))))
)^^^^^^^^)))hhhh)))))^^^^^^^)))hhhhhhhhhhh)))hhh)))^^^^^^))--))
)^^^^^^^^))))hhhh))))))^^^^^^)))h)))-----)))))hh)))^^^^^))-h---
)^^^^^^^^))))))))))))))^^^^^^)))))))------)^))))))))^^^^))-----
^^^^^^^))))))))))))))))^^^^^^^)))))-------))^))))))))^^^)------
^^^^^))))))))^^^^^))))^^^^^^^^^^^^^-------)))^)))))))^^^))----)
^^^^^))))hh))^^^^^)))^^^^^^^^^^^^^^^-----)))))^^^)))))^^^)---)^
^^^^^)))hhhh))^^^^))))^^^^^^^^^^^^^^)))hhhhh)))^))))))^^^)))))^
^^^^))))hhhh))^^^)))))^^^^^^^^^^^^^^^))hhhhhh)))))hh))^^^))))))
))))))))h)))))))))))))^^^^^^^^^^^^^^^))hhh)))h)))hhh))^^^))))))
))))))))))))))))))))))^^^^^^^^^^^^^^^))hh)))))hhhhhh)))^^))))))
)))h))))))^^^)))))))))^^^^^^^^^^^^^^^)))))))))hhhhhh)))^^^)))))
)))hh))))^^^^^))))))))^^^^^^^^^^^^^^^)))))^^)))hhhhhh))^^^^))))
))))))))^^^))^))))))))^^^^^^)^^)))^^^^)))^^^))))hhhh)))^^^^^^^^
)))h)))^^^))))^^))))))^^^^^^)))))))^^^^^^^^^^))))hhh)))^^^^^^^^
)))h))^^^)))))^^^^^^^^^^^^^)))))))^^^^^^^^^^^)))))hh))^^^^^^^^^
)))))))^)))))))^^^^^^^^^^))))))))))^^^^^^^^^^))))))h)))^^^)))^^
))))))))))))))^^^^^^^))))))))^)))^)))^^^^^^))^)))))))))^^))))))
))))))))))))))^^^^^^^^)))))))^^^^)))))^^^^))))^))))))))^)))))))
))))))))))))^^^^^^^^^^)))))))^^^^)-))))^^)))))^^^))))))))))))))
)^)^^^^^^^)))^^^^^^^^^))))))^^^^^----)))))))))^^^)))))^^)))h)))
^^^^^^^^^^)))^^^^^^^^^^)))^^^^^^^-----))))hh))^^^^^^^^^^)))))))
^^^^^^^^^^))))^^^^---^^^^^^^^^^^^^----hhhhhh))^^^^^^^^^^^))))))
^^)^^^^^^))hh))^^------)^^^^^^^^^-----hhhhhhh))^^^^^^^^^))----)
))))))^^))hhh)))-------))^^^^^^^^)--)hhhhhhhh))))))))))))-----)
)))))))))hhhhh)))------)))))))))))))hhhhhhhhhh)))))))))))-----)
)hhhhh))hhhhhhhh------hh)))))))))hhhhhhhhhhhhhh)))))))))h-----h
