)))(^(^()--+++-+-)))))))))))$))))%^(^(^(%)))))))))))))))))))))rr
))))%^(^%---+++--))))))---)))%%%%^^^^^^^%)))))))))))))))---)))rr
)))))%^(%-++-++-))))))--+--))%^^^^^^(((^%)))))))))))))))-+--))rr
))))))%(%-+---+-))))))-+++--)%^(((%(%^^^%)))))))))))))))-++-))rr
))))))%%----)---))))))-++++-))%^^%)))%^^%---))))))))))))-++-))rr
)))))))$)))---))))))))---++-))%^^%)))%^^^%--))))))))))))-++--)rr
))))))))))--+-))))))))))----))%^%)))))%^^^%%))))))))))$-----+)rr
))))%%%%))-+---))))$)))))))))))$)-)-))%^^^(^%)))))))))%%)-)-+)rr
))))%^(^%)-+++-))))%%%))))))))))------)%^^^(^%))))))))%%)))--)rr
))))%^(^^%-++--))$)))%%%))))))---++++--%%%%^^^%%))))))%%))))))rr
)))))%^^^%--+--%%)))))%%))))---+--------)))%^(^^%%)))%^^%)))))rr
)))))%((^%--+-%^%))))))$))))-+++++-%%---))))%%%^%%)))%^^%)))))rr
---)-)%^^%----%^%)))))))))))---++--%^%%%%%%))))$)))%%%%%))))))rr
++--))%%%)))))%^%)))))))))))-+++--%^^^^^^^^%))))))%^%)))))))))rr
--+---))))))))%^^%%))))))))----+-)%^^^^^^^^%))))))%(^%))))))))rr
+++++-)))))))%^^^^^%))))))--+----)%^^^^^^^(%)))))%^(^%))))))))rr
--+-----)))))%^^^^^%)))))--++-)-))%%%^(^^^^^%%))%^^^^%))))))))rr
--++----)))%%^^^^^^%)))))--++-)))))))%%%^^^^^^%%^^R^%)))))))))rr
)--+---%%%%^^^^RR^%))))))-+---))))))))))%^^(^^^^^^^^%)))))))))rr
----++-%%%^^^^RR^^%))))))----)))))))))))%^^^^^^^^^^^%)))))))))rr
+----+----%%^^^^^%))))))))))))))))))))))%^^^(^^^^^^^^%))))))))rr
++--+++---))%%^^%----)))))))))))))))))))%^^^^^^^^%%%%%))))))))rr
-+--++---)---)%%--++---%%%%%))))))))))))%^^R^(^^%))--%%%%%%%%)rr
--------))-+-)---++++-$^^^%%%)))))))))))%^^R^^^%)))----%^^^^^%rr
))))))-)))---)-+-++-+--%%%----))))))))))%^^RR^^%)))-----%^^^^%rr
-))))%%%%)))))---+-+--))))-+---))))))-)%^^^RR^^^%))))))))%^^^%rr
)))))%^^^%))))))-----)))))--++-))))--))%^^^^^^^^%)))))))))%^%-rr
)))))%^^^%)))))))))))))))))-+--)))))%%%^^^^^^^^^%)))))))))%^%-rr
)))))%^^^%)))))))))))))))-----))))))%^^^^^^^^%%%))))))))))%%--rr
))))))%^^^%%%)))))))))))--+--))))))))%^^^^^^%))))))))))))%^%)-rr
)))))))%^^^^%))))))))%%%)----)))))---%^^^^^%)))))))))))%%^^%))rr
))))))))%^^^^%))---%%^^^%%%--))))-----%^^^%%)))))----))%^%%)))rr
)))))))%^^^^^%))---%^^^^^^^%))))))-++-%%%%)))))---++--))$)---)rr
)))))))%^^^^%%))-+--%^^^^^^%))))))-----))-))$%)-+++++-))))-+--rr
))))))%^^^%%)))--+---%^^^^^^%))))-%%---)---))%%--+++--))))--+-rr
))))))%^^%)))))-+--)))%^^^^%)$))%%^^%--)-+-)))%%----+-)))))---rr
)))))%^^^%)))))---))))%^^^%)))))%%%%^%-)----))))))----))))))-)rr
)))%%^^^^^%%%)))))))))%^^%))))))))))%^%%%%%))))))))%%))))))-))rr
)%%^^^^^^^^^^%%%%%%%%%^^^%)))))))))))%^^^^^%))))))%^^%))))))))rr
)%^^^^^^^^^^^^^^^^%^^^^^%)))))))))))))%^^^^%))))))%^^^%)))%%%)rr
%^^^^^^^^^^^%%%%%%)%^^^^%))))))))))---%^^^^%)))))-%^^^^%%%^^^%rr
^^^^^^^^^^^%))))))))%^^^%))))))))))-+-%^^^^%)))-)--%^^^^^^^^^^rr
^^^^^^^^^^%))))))))))%^^^%%%))))))----%^^^^%))-)----%^^^^^^^^^rr
^^^^^^^^^^%)))))))))))%^^^^%))))-------%^^^%))---++--%^^^^^^^^rr
^^^^^^^^^%))))))))))))%^^^^^%)---+++++-%^^%)))-+-+++--%^^^^^^^rr
^^^^^%%%%)))))))))))))%^^^^^%)-++++-++-%^^%)))----+-+-)%^^^^^^rr
^^^^%)))))%%%%%%%%%%%%^^^^^%))--++-+---%^^%)))--+++---))%^^^^^rr
^^^^%)))))%^^^^^^^^^^^^^^^^%)))-+-+--)%^^^%)))-+-+--)---%^^^^^rr
^^^%)))))%^^^^^^^^^^^^^^^^^%)))--+-+--%^^^^%))-----)))---%^^^^rr
^^^^%))))%^^^^^^^^^^^^%%%^^%))))--++-)%^^^^^%)))))))))---%^^^^rr
^^^^%))))%^^^^^^^^^^^%)))%^%)))))----%^^^^^^%)))))-))))))%^^^^rr
^^^^^%)))%^^^^^^^^^^^%)))%^%))))))---%^^^^^^^%)))))))))))%^^^^rr
^^^^^^%%%^^%%^^^^^%%%%)))%^%)))))))--%^^^^^^^%))))))-))))%^^^(rr
^^%%^^^^^^%))%^^^%)))%%%%%%)))))))----%%^%%%%))))))))))))%^^^^rr
^%))%^^^^%))))%^%))))))%%)))))))))))-)--$))))))))))%%%))))%%^^rr
%))))%^^^%)))-%%%))))))%%))))))))))))-))))))))))))%^^^%%)$))%^rr
))))))%%%))))))))))))))%%))))))))))))))))))))))))%^^R^^^%^%))%rr
)))))))))))))))))))))))%%))))))))))))))))))))))))%^RrR^^^^%---rr
))))))))))))))))))))%%%^%)))))))))))))))))%%%)))%^RrrrRR^%--+-rr
)))$)))))))$)))))))$%%%%%)))))))))))))---)%^^%))%^^RRRRR^%-++-rr
))))))))))))))))))))))))))))))))))))))-+--%%%)))%%%^^^^%%)-++-rr
))))))))))))))))))))))))))))))))))))))--+----))))))%%%%)))-+++rr
rrrrrrrrrrrrrrrrrrrrrrrrrrrrrrrrrrrrrrrrrrrrrrrrrrrrrrrrrrrrrrrr
rrrrrrrrrrrrrrrrrrrrrrrrrrrrrrrrrrrrrrrrrrrrrrrrrrrrrrrrrrrrrrrr
