)))^^^^))))))))))))))))h))))))hhhhhhhhhh))))))))))^^))))h)))))h
)))^^^^^)))))))))))^))))))))))hhhhhhhhhhhhh)))))^^^^)))hh))))))
-))^^^^^^))))))))^^^^))))))))))hhhhhhhhhhhhh))^^^^^^)))h)))))))
-))^^^^^^^^^^))))^^^^^))))^^)))hhhhhhhhhhhhh))^^^^^^)))h)))^)))
--)^^^^^^^^^^^))^^^^^)))))^^^))hhhhhhhhhhhhhh))^^^^^)))h)))^^))
-)^^^^^^^^^^^^)))^^^))))))^^^))hhhhhhhhhhhhhh)))))^^)))h)))))))
)^^^^^))^^^^^^)))))))))h))^^^))hhhhhhhhhhhhhhh))))^^^))h)))))))
)^^^^^)))^^^^^^)))))))hh))^^^))hhhhhhhhhhhhhh))))^^^^))))))))))
)^^))))))^^^^^^^))))))))))^^^)))hhhhhhhhhhhh))))^^^^^^)))))))))
^^)))))))))^^^^^^^)))))))^^^^^))))hhhhhhhhhh))^^^^^^^^^^)^)))))
^))))))))))^^^^^^^^^^^)^^^^^^^^)))hhhhhhhhhh))^^^^^^^^^^^^))))^
)))hh)))))))^^^R^^^^^^^^^^^^^^^)))hhhhhhhhhh))^^^^))^^^^^^))))^
))hhh)))))))^^^^^^^^^^^^^^^^^^^)))hhhhhhhhhh)))^^))))^^^^^))))^
))hh))))))^^^^^^^^)))))))^^^^^)))h)hhhhhhhhhh)))))))))^^^^^^)))
))hh)))^^^^^^^^^^^)))))))^^^^))))))))hhhhhh)hh)))hhh))^^^^^^^^^
)))h))^^^^^^^^^))))))))))^^^^)))))))))hhhh))))hhhhhh)))^^^^^^^^
))))))^^^^^^^))))))))))))^^^^))))))))))))))))))hhhhhh)))^^^^^^^
)))))^^^^^^^^))))))))))))^^^^)))))))))))))))))))))))))))))^^^^^
^))^^^^^^^^^^)))))))))))^^^^^)))h)))))))))^^))))))))))))))^^^^^
^^^^^^^^^^^^^))))))^^^))^^^^^))))))))))))^^^^^))))^^))))))^^^^^
^^^^^^^^^^^^^)))))^^^^^^^^^^^^))))))))))))^^^^^^^^^^^)))))^^^^^
^^)))^^^^^^^^^)))^^^^^^^^^^^^^^))))))))))))^^^^^^^^^^^)))^^^^^^
))))))^^^^^^^^^)^^^^^^^^^^^^^^^^^)))))h))))^^^^^^^^^^^^)))))))^
)))))))^^^^^^^)^^^^RRR^^^^^^^^^^^))))hhh)))^^^^^^^^^^^^^)))))))
))hhh)))))^^^))))^^^RRR^^^^^^^^^^)))))h))))^^^^^^^^^^^^^)))))))
)))hhh)))))^))))))^^^RR^^^^))^^^^))))))))))^^^^^^^^^^^^^^))))))
))))hhhh)))^))))))^^^^R^^^))))^^^^^^^)))))^^^)))^^^^^^^^^))))))
))))))hh))^^^)))))^^^^^^^^)))))^^^^^^^))))^^^^))^^^^^^^^)))))))
))))))))))^^^)))))^^^^^^^))))))^^^^^^^))))^^^^)^^^^^^^)))))))))
)))))))))^^^^^)))^^^^^^^^)))))^^^^^^^)))))^^^^^^^^^^^))))))))))
))))^)))^^^^^^^^^^^^^^^^^^)))^^^^^^)))))))^^^^^^^^^^^))))))^)))
)))^^^^^^^^^^^^^^^^^^^^^^^))^^^^^^)))))))^^RR^^^^^^^^)))))^^^))
))))^^^^^^^^^^^^^^^^^^^^^^^^^^^^^^))))))^^^^^^^^^^^^^^)))^^^^))
)))))^^^^^^^^^^^^^^^)^^^^^^^^^^^^^)))))^^^^^^^^^^^^^^^^^^^^^)))
h)))))^^^^^^^^^^^^^-))^^^^^^^^^^^)))))^^^^^)^^^^^^^^^^^^^^^))))
)))))))^^^^^^RR^^^^)-)^^^^^^^^^^^)^^))^^^^)))^^^^^^^^^^^^^)))))
))))))))^^^^^^R^^^^)))^^^^^^^^^^^)^^))^^^^))))^^^^^^^^^^^^)))))
)))))))))))^^^^^^^^^^^^^^^^^^^^^^)))^^^^^^)))))^^^^^^RR^^^)))))
^^^^)))))))))^^^^^^^^^^^^^^^^^^^^^^^^^RR^^)hh))^^^^^^RRR^^)))))
^^^^^)))))hh))^^^^^^^^^^^^^^^^^^^^^^RRRR^^)hh)))^^^^^RRR^^)))))
^^^^^^)))))h)))^^^^RR^^^^^^^))))^^^^RRRR^))))))^^^^^^RRR^^))))^
^^^^^^^^^))))))^^^^^^^^^^^^^)))))^^^RRRR^)))))^^^^^^^RRR^^^))^^
^^)))^^^^^))))^^^^^^^^^^^^^^))))))^^^RRR^^)))^^^^^^^^RRR^^^^^^^
^))h))^^^^))))^^^^^^^^^^^^^^)))h))^^^^R^^^))))^^^^^^^^RR^^^^^^^
))hhh)^^^)))))^^^^^^^^^^^^^)))))))^^^^^^^)))))^^^^^^^^^^^^^^^^^
)hhhh)))))h))))^^^^))^^^^^))))))))-^^^^^^))h)))))))))^^^^^^))^^
)hhhhh)))hhh)))^^))))))^))))))))))----^^)))hh))))))))))^^))))))
)hhhhhhhhhhh))))))))))))))))))))))------)))hhh))))h))))))))))))
))))hhhhhhhhh))))))))))))))))^^))))))---)))hhh)))))))))))))))))
)hhh)hhhhhhhh))))))))))))))))^^))))))))))))))))))))))))))))))))
hhhhh)hhhhhhh)))))))))))))))))))))))))))))))))))))^^^^)))))))))
hhhhh)))hhhhh))))))))))))))-)))))^^))))))))))))))^^^^^^)))^^)))
hhhhh)))hhhh)))))))))))))))))))^^^^-----))))))))^^^^^^^)))^^)))
hhhhh)))h))))))))))))^^^^^^^^^^^^^^-----))))))))^^^^^^)))))))))
hhhhh))))))))))))))))^^^^^^^^^^^^^^-----h))^^^)^^^^))))))))))))
hhhhh))))))))))))))))^^RRRRRRR^^^^^----h)))^^^^))))))))))))))))
hhhhh)))))))))))))))^^^RRRRRRRR^^^^))))h)))^^^---))))))))))))hh
hhhh))))))))))))))))^^^RRRRRRR^^^^)))))))))^-----))))))))))))hh
hhhh)))))))))))))))^^^^^^^^^^^^^^^))))))))))-----)))^^^^^))))hh
hhhhh))))))hhhhh)))^^^^^^^^^^^^^^--hhh))))))----))))^^^^^)))))h
hhhhhh)))hhhhhhh)))))^^^^^)))^^^---hhhhh))))---))))))))))))))hh
hhhhhhhhhhhhhhhhh)))))))))))))-----hhhhhh)))))hh))))))))))))hhh
hhhhhhhhhhhhhhhhh)))))))))))))-----hhhhhhhhhhhhh))))))))hhhhhhh
