hh)^^^^^^^^^^^^^)))))hhhhhh----h-hhhhhhhh)))))))))))^^^^^hh---h
hh))^^^^^^^^^^))))^^)hhhhh-----hhh)hhhh))))))hhhhhhh)^^^^)h--hh
hhhh)^^^^^^^^^)hh)^^^hhhhh-----))^^^))))^^^))hhh-----)^^^)-)h-h
hhhhh)^^^^^^^)hhh)^^^)hhhh-----^^^^^^^^^^^^))hh-------)^^^^))hh
hhhhhh))^^^^^)hhh)^^^)hhhh-----^^^^^^^^^))^^^)h-------^^^^^))hh
hhhhhhhh))^^^)hhh)^^^^hhhh-----^^^^^^)))))^^^^--------^^^^^)hhh
hhhhhhhhh)^^^)hhhh)^^)hhhhhhh---^^^^^)))))^^^^^-------^^^^^)hhh
hhhhhhhhhh^^^hhhhh))))hhhhhhh---^^^^^))h))^^^^^^-----)^^^^)hh-h
hhhhhhhhhh)^)hhhhhhhhhhhhhhhhh))^^^^^^)))^^^^^^^------^^^))----
----hhhhhh^^^hhhhhhhhhhhhhhhhh)))^^^^^^^^^^^^^^^))h-----)))----
----)hhhh)^^^)hhhhhhhhhhhhhhhh)))))))^^^^^^^^^^^)hh-----)))----
----)hhhh)^^))hhhhhhhhhhhhhhhh)))))))^^^^^^^^^^^)hh------))))--
--^^)))h)^^^)hhhhhhhhhhhhhhhhh))))hhh)^^^^^^^^^^)hh------)^^^)h
^^^^^^^^^^))hhhh^^hhhhhh))^^)))))hhhh))^^^^^^^^^))hh---^^^^^^^)
^^^-^^^^^^hhhhhh^^hhhh))^^^^^^))hh---h))^^^^^^^^^))))^^^^^^^^^^
^^---^^^^)hhhhhhhhhhhh)^^^^^^^))hh----))^^^^^^^^^))))^^^^^^^^^^
))-----))hhhhhhhhhhhhhh)^^^^^^))hh----h))^^^^))))))))^^^^^^^^^^
-------hhhhhhhhhhhhhhhhh))^^^^)hhh----h)))^)))hhhh))))^^^^^^^^)
-------hhh-hhhhhhhhhhhhhhhhhhh-hhh----))))))hhhhhhh))))^^^^^^))
---^^-hhh-hhhhhhhhhhhhhhhhhh-hhhh)---))))))-----hhh)))))^^^^^))
--^^^^)hhhhhhhhhhhhhhhhhhhhh-hh))^^^)^)))))------hh))))))^^^^))
-^^^^^^^)-hhhhhhhhhhhhhhhhhhh)^^^^^))^^^^^^------h)))))))))))))
)^^^^^^^^)hhhhhhhhhhhh)))hhh-^^^^^))))^^^^^^------))^)))))hhh))
)^^^^^^^^)hhhhhhhhhhhh)))hhhh^^^^^)hh))^^^^^^----))^^^)))hhhhh)
^^^^^^^^^hhhhhhhhhhhhhh)hhhhh)^^^)hhhh)))^^^^----))^^^^)))hhh))
^^^^^)))hhhhhhhhhhhhhhh--h)))hh)-hhhhhhh)))^^^)-)^)))^^^)))))))
^^^^^)hhhhhhhhhhhhhhhhhhhh^^^hhh---hhhhhhh)^^^^^^))h))^^^^^^^^^
^^^^^)hhhhhhhhhhhhhhhhhhh)^^^)hh---hhhhhh))^^^^^))hhh)^^^^^^^^^
^^^^^^)hhh-hh)hhhhhhhhh-h^^^^^hh----)))))^^^^^^))h-hh)^^^^^^^^^
^^^^^^))hhhh-))))hhhhhhh)^^^^^hh---))^^^^^^^))))hhhhh)^^^^^^^^^
^))))^^))hhhh))^))hhhhhh)^^^^)hhh-h)^^^^^^^^))hhhhhhh)^^^^^^^^^
)hhhh))))hhhhh)^^)-hhhh))^^^^^hhhh))^^^^^^^^^)hhh-hhh)^^^^^^^^^
hhhhhh))hhhhhh)))---hhh))^^^^^)))))))^^^^^^^^^)hhhhhh)^^^^^^^^^
hh)))))hhhhhhhhh)----hhh)^^^^^^^^^)hhh))))))^^^))hhhh)^^^^^^^^^
h)^^^))hhhhhhh-hh----hhh)^^^^^^^^)hhhhhhhhh))^^^)hhhh)^^^^^^^^)
)^^^^^)hhhhhhhhhh----)h))^^^^^^^^)^^hhhhhhh))^^^)hhhhh^^^^^^^^)
^^RR^^^)hhhhhhhhhh))))))^^^^^R^^^)^^hhhhhhhhh)^^)hhhhh)^^^^^^^^
^R^^^^^^)))hhhhhhh)^^^^^^^^^^^R^^^)hhhh)))hhh)^^)hhhhhhh)^^^^^^
^^^^^^^^^))hhhhhh)^^^^^^^^^^^^R^^^^^)))^))hhhh)))hhhhhhhh)^^^^^
^^^))^^^^)))hhhhh)^^^^^^^^^)^^^^^^^^^^^^)hhhhh)))hhhhhhhh)^^^^^
^^))h))))))))hhh))^^^^^^^^)))^^^^^^^^^^^)hhhhhhhhhhhhhhhh)^^^^^
^^)hh-hhhh)))hhhh)^^^^^^^^)h)^^^^^^^^^^^)hhhhhhhhhhhhhhhh--^^^^
^)hhhhhhhh))))hhh))^^^^^^^hhh)^^^^^^^^^^)hhhhhhhhhhhhhhhh----^^
^hhhhhhhh))^^))hh))))^^^^)hhh)^^^^^-^^^^)hhhhhhhhhhhhhhhh----)^
)hhhhhhhh)^^^^))))-)-)^^)hhhh)^^^^^)----hhhhhhhhhhhhhhhhhh---))
h----hh))^^^^^^^^^^^))))hhhhh)^^^^^^----hhhhhhhhhhhhhhhhh------
hh----)^^^^^^^^^^^^^))hhhhhhh)^^^^^^----hhh))hhhhhhhhhhhhhh----
hh---^^^^^^^^^^^^^^^^)hhhh---)^^^^^^)---hh)^))hhhhhhhhhhhhh----
hh--^^^^^^^^^^^^^^^^^^)h-h---^^^^^^^))hhh))^))hhhhhhhhhhhhhh---
hh--^^^^^^^)^^^^^^^^^^^)))---^^^^^))))----))))hhhhhhhhhhhhhh---
hh---^^^^^)hh^^^^^^^^^^^^^^^^^^^^)hhh-----hhhhhhhhhhhhhhhhhhh-h
hhhh-^^^^)hhh)^^^^^R^^^^^^^^^^^^))hhh-----hhhhhhhhhhhhhhhhhhhhh
hhhh)^^^^)hhhh^^^^^^^^^^^^^^^^^))hhh------hhhhhhhhhhhhhhhh-----
hhhhh)^^^hhh---^^^^^^^^^^^^^^^)hhhhh------hhhhhhhhhhhhhhh------
hhhhh))^))hh---^^-)))^^^^^^^^)hhhhhh------hhhhhhhhhhhhhhh------
hhhhhh))))))------hhh))^^^^^^)hhhhhhh-----hhhhhhhhhhhhhhh-----h
hhhhhhhhhh))-----hhhhhh))^^^^^)hhhhhh------hhhhhhhhhhhhh-hh---h
hhhh---hhh)^^----hhhhhhh)^^^^^))hhhhh))----hh)))hhhhhhhh------h
hhhh----h-^^^^)))))hhhhhh)^^^^^)))hh))^^^--hh))))hhhhhh-----hh)
hhhh-----)^^^^^))----hhhh^^^^^^)))hh))^^)hhhhh)))hhhhhh------hh
hhhh-----)^^^^))h------hh)^^^^-)-hhhhh))hhhhhhhhhhhhhhh------hh
hhhh-----))^))hhh-------h))----hhhhhhhhhhhhhhhhhhhhhhhhh-----hh
hhhh-----hhhhhhhhh------hhh----hhhhhhhhhhhhhhhhhhhhhhhhhhhhhhhh
