))(^^%(%----))%((((()))----(%----+-)))))%%^^^^^^^())))))))%^%)rr
-)((%)---++-))%((%)))))-++-----++--)))))))%^^^^^^%)))))))%^^^%rr
))(^%)-+++--)))))))))))--+++-+++--))))))))%^^^^^^%))))%%%^^^^%rr
))^(()---+-)))))))))))))-+--+-----%%))))))%^^^^^^%)))%^^^^^%%)rr
))%^%------)))---)))))))------)))%^^%)))))%^^^^^^%)))%^^^^%)))rr
)))%%---)))))--+--)))))))))-))))%^^^^%)))%^^^^^^^%)))%^^^%))))rr
)))%^%--)))))-+-+-)))))))))))))%^^^^^^%%%^^^^^^^^%)))%^^^%))))rr
---%^%-)))))--++-----))))))%%%%^^^^^^^^^^^^^^^^^%))))%^^%)))))rr
---%%^%))))))----+++-))))))%%^^^^^%%%^^^^^^^^%%%)))))%^^%)))))rr
-$--)%^%-)))))--+--+-))))))))%^^^%)))%^^^^^^%)))))))%^^^^%))))rr
----)-%^%--))))------)))))))))%^%)---)%^^^^^%))))))%^^^^^^%%%)rr
-+-----$---)))))))))))))))----%^%)-+--%^^^^^%)))))%^^^^^^^^^^%rr
---)-+----------))))))))))-++--%%--++-%^^^%%))))))%^^^^^^^^^^^rr
))))----++--+++--))))))))---++-%%-+-+-%^^%)))))))))%%^^^^^^^^^rr
)))))-)-++---++-)))))))))-++++-%%--++-%^%))))))))))))%%%^^^^^^rr
----)))-----+++-)))))))))--++--$------%^%)))))))))))))))%%^^^^rr
-++-))))))----+-))))))))))--+---))-++--$))))))))))))))))-)%^^^rr
++--)))))))))---)))))))))))-----))----))))))))))%%%))))))))%^^rr
---)))))))))))))))---)))))))))))))))))))))))))%%^^^%)))-)))%^%rr
--%%%))))))))))----+---))))))))))))%%%%%%%%%%%^^^^^%))))))%^^%rr
-%^^%))))))))-)-+++-+--)))))))))))#^^^^^^^^^^^^^^^^^%)))))%^^^rr
%^^^%))))))))))-----++--))))))))))#^^^^^^^^^^^^^^^^^^%-))%^^^^rr
%^^^%)))))))))-%%%%--++-)----)))))%^^^^^^^^^^^^^^^^^^^%%%^^^^^rr
^^^^%)))))))))%^^^^%----)-++-))))))%%^^^^^^^^^^^^^^^^^^^^^^^^^rr
%^^^%))))))))%^^^^%))))))-++--)))))))%%^%%%%%%%%%^^^^^^^^^^^^^rr
)%^^%)))))))%^^^^%)))))))----))))))))))$)))))))))%^^^^%%%^^^^^rr
)%^^%)))))%%^^^^%)))))))))-$-))))))))))))))))))))%^^^%---%^^^^rr
%^^^^%)-)%^^^^^^%)))))))))%^%))))))))---)))))))))%^^^%-+-%^^^^rr
^^^^^^%)%^^^^^^^%)))))))))%^%))))))))))))))))))))%^^^%-+--%%^^rr
^^^^^^^%^^^%^^^^%))---)))))%%%))))))))))))))))))%^^^^%--+-))%^rr
^^^^^^^^^^%)%^^^^%%---)))))))%%%%)))))%%))))))))%^^^^%)---)))%rr
^^^^^^^^^%)))%^^^^^%%-)))))))%^^^%))))%%))))))))%%%%%)))))))))rr
^^%%%%%%%)))))%^^^^^^%%))))))%^^%)))))$)))))))))))))))))))))))rr
%%))))))))))))%^^^^^^^^%))))%^^^%)))))))))))))))))))))))))))))rr
))))))))))%%%%)%^^^^^^^^%%%%^^^^%)))))))))))))))))))))))))----rr
)))))))))%^^^^%^^^^^^^^^^^^^^^^^%)))))))))%%))))))))))))))-++-rr
)))))))))%^^^^^^^^^^^^^^^^^^^^^%))))))))))%^%)))))))))))))---+rr
))))))))%^^^^^^^^^%%%^^^^^^%^^^%))))))))))%^^%)))))))))))))---rr
))))))))%^^^^^^^^%)))%^^^^%)%^^%))))))))))%^^^%%%%%)))))))))%%rr
))))))))%^^^^^^^^%)))%^^^%)))%^%))))))))))%^^^^^^^^%%)))))%%^^rr
))))))))%^^^^^^^%))))%^^^%))))%%))))))))))%^^^^^^^^^^%)))%%%%%rr
))))))))%^^%%%%%)))))%^^^%))))%%)))))))))))%%%%%%^^^^^%%%%))))rr
)))%%)))%%%)))))-)))))%^%)))))%^%%)))))))))))))))%^^^^^^%)))))rr
))%^^%%%-))))))-))))))%^%)))))%^^^%%))))))-))---)%^^^^^^%)))))rr
)%^^%^%---)))-)-))))))%^%))))))%^^^^%)))))))----)%%%%^^%))))))rr
$%%%)%%-+--)))))))))))%^%))))))%^^^^^%)))))%%%%%%%-))%%%))))))rr
)--------+-)))))))))))%^%)))))%^^^^^^^%%%%%^^^^^%--)))))))))))rr
)-++++-++--))))))))))%^^%)))))%^^^^^^^^%%%%%%%%%---)))))))))))rr
)---+-----)-))))))%%%^^^^%)))))%%^^^^%%))))))))----)))))))))))rr
)-----%%%-))))%%%%^^^^^^%))))))))%^^%)))))))))----))))))))))))rr
%--%%%^^%----$^^^^^^^^^^%)))))))))%%))))))------+-)))))$))))))rr
^%%^^^^^%-+--)%^^^%%%%%%%)))))))))))))))))-+--++--))))%%))))))rr
^^^^^^^^%---)))%%%)----)))))))))))))))))))--++---)))))%%))))))rr
^^^^^^^^%))))))))))-+--)))))))))%%)))))))))------)))))%^%)))))rr
^^^^^^^^%)))-))))))---)))))%%%%%^%))))))))))))))))))))%^^%%%%%rr
^^^^^^^%))))))))))-)-)))))%^^^^^^%)))))))%%%%%))))))))%^^^^^^^rr
^^^^^^^%))))))))))))))))))%^^^^^^%))))))%^^^^^%)))))))%^^^^^^^rr
^^^^^^%))))))))))))))))))%^^^^^^^%)))))%^%%%%%))))))))%^^^^%^^rr
^^^^^%))))))))))))))-))))%^^^^^^^%)))))%%)))))))))))))%^^%%)%%rr
^%%%%))))))))))))))$--))))%%%%%%%))))))))))))))))))))))%%)))))rr
%))))))))))))))))-------))))))))))))))))))))))))))))))))))))))rr
)))))))))))))))))-+++++-))))))))))))))))))))))))))))))))))))))rr
rrrrrrrrrrrrrrrrrrrrrrrrrrrrrrrrrrrrrrrrrrrrrrrrrrrrrrrrrrrrrrrr
rrrrrrrrrrrrrrrrrrrrrrrrrrrrrrrrrrrrrrrrrrrrrrrrrrrrrrrrrrrrrrrr
