))))))h---hhh)))))))))))))^^^^))))^^^))))))))))))))))))))^^^^^)
))))))-----)))))))))))))))^^^^^))^^)))))))))))))))))))))))))^^^
))))))------)))))))))))))))^^^^^^^))))))))))))))))))))))))))))^
)))))-------))))))))))))))))^^^^^))))))))))^^)))))^^^))))))))))
)))))-------))))))))))))))))^^^^^)))))))))^^^)))))^^^^)))))))))
)))))--------)hh)))))))))))^^^^^^))))))))^^^^)))))^^^^^^)))))))
)))))--------))h))))))))))^^^^^^^))))))^^^^^))))))^^^^^^^^^^^))
)))))))---^^-)))))^^^)))))^^^^^^^))))))^^^^^))))))^^^^^^^^^^^^)
)))))))--^^^^)))))^^^^)))^^^^^^^^))))))^^^^^))))))^^^^^^^^^^^^^
)-)))^)^^^^^^))))^^^^^^^^^^^^^^^)))))))^^^^^^))))^^^^^^^^^^^^^)
))---^^^^^^^^))))^^^^^^^^^^)))^)))))))))^^^^^^)))^^^^^^^^^)))))
)---^^^^^^^^^))-)^^^^^^^^^))))))))))))))^^^^^^)))^^^^^^^)))))))
)--^^^^^^^^^^))-)^^^^^^^)))))))))))))))^^^^^^^))^^^^^^^^)))))))
)^^^^^^^^^^^^)--^^^^^^^)))))))))))))))^^^^^^^^)))^^^^^^^^^^))))
^^^^^^^^^^R^^)--^^^^^^)))))))hhhh))))^^^^RRR^^)))^^^^^^^^^^^^^)
^^^RRRRRRRRR^^---^^R^^)))))))hhhh))))^^^RRRR^^^))^^^^^^^^^^^^^^
^^^RRRRRRRRRR^---^^^^^))))))))hh))))))^^RRRR^^^^)^^^^^^^^^^^^^^
)^^RRRRRRRRRR^^^^^^^^)))))))))))))))))^^^^^^^^^^^^^)))))^))))))
)^^^RRRRRRRRR^^^^^^)))))))))))))))))))^^^^^^^^^^^^)))))))))))))
)^^^^^^^^^RR^^^^))))))))))))))))))))))^^^^^^^^^^^))))))))))))))
)^^^^^^^^^^^^^^))))))))))))))))))))))))^^^))^^^^^))))))))))))))
)))))^^^^^^^)))))))))))))^^^^^^))))))))))))))^^^^))))))))))))))
)))))))))))))))))))))))^^^^^^^^^^^^^^)))))))))^^^))))))))))))))
)))))))))))))))))))))))^^^^^^^^^^^R^^^))))))))^^^)))))))))^^^))
)))))))))))))))))))))))^^^^^^^^^^RRR^^^)))))))^^^))))))))^^^^^^
^^)))^^^^^)))))))))))))^^^))^^^^^RR^^^^)))))))^^^))))))^^^^)^^^
^^^^^^^^^^^^)))))))))))))))))^^^^^^^^^^)))))))^^^^))^^^^^^)))^^
^^^^^^RR^^^^^^))))))))))))))))^^^^^^^^))))))))^^^^^^^^^^^--)))^
^^^^^^^R^^^^^^^^^)))^^^^)))))))^^^^^^^^))))))^^^^^^)))^^---)))^
^^^^^^^^^^^^^^^^^^)^^^^^^)))))))))^^^^^^^)))^^^^^^))))------)))
^^^R^^^^^^^)^^^^^^^^^^^^^^^)))))))^^^^^^^^^^^^^^^^))))------)))
^^^RR^^^^^)))^^^^^))^^^^^^^^))))))^RR^^^^^^^^^^^^)))h)------)))
^^^^^^^^^^))))^^^^)))^^^^^^^)))))^^RR^^^^^^^^^^^^)))hh---))))))
)^^^^^^^^^))))^^^))))))))^^^^)))))^^^^^^^^^^^^^^^))))))-)))))--
)))))^^^^^))))))))^^))))))^^^)))))^^^^^^^^^^^^^^)))))))))))----
))))))^^^^))))))^^^^^)))))^^^)))))^^^^^^^^^^^^^^)))))))))))----
))))))^^^^)))))^^^^^^^)))^^^^)))))^^^^^^^^^^^^^^)))))))))))----
))))))^^^^))))^^^^))^^^^^^^^^^)))^^^^^)))^^^^^^)))))))))))))---
^^^^^^^^^^)))^^^^))))^^^^^^^^^^^^^^^^^))))))))))))^^^^^^)))))))
^^^^^^^^^^)))^^^^))))^^^^RRR^^^^^^^^^^)))))))))))^^^^^^^)))))))
^^^^^^^^^^)))^^^^)))))^^RRRR^^^^^^^^^^)))))))))))^^^^^^^)))))))
^^^^^^^^^))-))^^^))))^^^RRRR^^^)))^^^^)))))))))))^^^^^^))))))))
^^^^^^^^^----)^^^))))^^RRRRR^^))))^^^^)))))))))))^^^^^)))))))))
^^^^^^^^^)----^^^))))^^^RRRR^^))))^^^^^)))^^^))))^^^^^)))^^^^^^
)^^^^^^^)-----^^^)))))^^^^^^^^)))^^^^^))))^^^^))^^^^^^^^^^^^^^^
)))))^^^)------^^)^))))^^^^^^^^))^^^^^)))))^^^^^^^^^^^^^^^^^)))
)))))))))-----))^^^^^)))))))^^^^^^^^^)))))))^^^^^^^^^^^^^^^))))
))))))))))-)))))^^^^^^)))))))))^^^^^^)))))))^^^^^^^^^^^^^^^))))
)))))))))))))))))^^RR^^))))))^^))^^^))))))))^^^^^^^^^^^^^^)))))
))))))))))^^)))))^^RR^^^^^^^)^^)))))))))))))^^^^^^^^^^^^^^^))))
)))))))))^^^)))))^^RRR^^^^^^^))))))))))))))^^^^^^^^)))^^^^^^)))
))))))))^^^^^))))^^^RR^^^^^^^^)))))))))))))^^^^^^^)))))))^^^^))
))))^^^^^^^^^))))^^^^^^^^^^^^^^)))))))))))^^^^^^^)))))))))^^^))
)))))^^^^^^^^))))^^^^^^))^^^^^^^)^^^))))))^^^^^^^)))))))))^^^))
)))))^^^^^^^^))))^^R^^))))^^^^^^^^^^))))))^^^^^^^)))))))))^^^^)
))))))^^^^^^^^)))^^R^^))))^^^^^^^^^^^))))^^^^^^^^)))))))))^^^^)
))))))^^^^^^^^))^^RR^^))))^^^^^^^^^^^^)))^^^^^^^)))))))))^^^^^)
)))))))^^^^^^^^^^RRR^^^))^^^^^^^^^)^^^^^^^^^^^^^)))^)))))^^))))
)))))))^^^^^^^^^RRR^^^^^^^^^^^^))))))^^^^^^^^^^^)^^^^))))))))))
)))))))))^^^^^^R^^^^^^^^^^^^^^))))))))^^^^^))))))^^^^^)))))h)))
)))))))))))))^^^^^^^^^^)))))))))))))))))))))))))))^^^---)hhhhhh
))))))))))))---)))))))))))))))))))))))))))))))))))))-----hhhhhh
)))))))))))----)))))))))))))))))hhhhhh))))))))))))))-----hhhhhh
