)))))))))^^^^^^^^^))^^^^^^^^^^^^^^^^^^^^^^^^^^^))))hh)))))hhh))
)))))))))^^^^^^^)))))^^RR^^^)^)^^^^^^^^^^^^^^^^^))-----))hh))))
)))))))))))))))))))))^^R^^))))))))))^^^R^^^^^^^^^-------hh)))))
)))))))))))))))))))))^^^^^)))))))))))^^R^^^))^^^^------hh))))))
))))))))))))))))))))))^^^))))))))))))^^^^^))))^^^------h)))))))
))))))))))))))))))))))))))))))))))))))^^^^))))))))----)))))))))
)))))^^^^)))))hhhh)))))))))))^^^^)))))^^^)))))))))))-----))))))
)))^^^^^^))))))h))))))))))))^^^^^)))))^^^-))))))))-------)hhh))
)))^^^^^^))))))))))))))))))))^^^)))))-----))))))))-------)hhh))
))))^^^^^)))))))))^))))))))))))))))))-----))))^^^^------))hhh))
)))))^^^^)))))))^^^^^))))))))))))))))------)))^^^^^^----))hhhhh
))))))^^^))))))^^^^^^))))))))))))^^^^)----))))^^^^^^^--)))hhhhh
))))))^^^))))))^^^^^^^)))))))))^^^^^^^)---)))))^^^^^^)))))hhhhh
))))^^^^^))))))^^^^^^^^))))))^^^^^^^^^^^)))))))))))))))))))hhhh
))^^^^^^^))))))^^^^^^^^^^))))^^^^^^))^^^^))))))))))))))))))hhhh
))^^^^^^^))))))^^^))^^^^^^)))^^^^^))))^^^^))))))))))))))))))hhh
))^^^^^^)))))))^^))))^^^^^))))^^^)))))^^^^)))))))))))))))))))hh
))^^^^^^))))))^^^))))^^^^^^^)))))))))^^^^^)))))))))))))^))))))h
)))))^^^^)^^^^^^^))))^^^^^^^^)))))))^^^^^))))))))))))^^^^^^^)))
))))))^^^^^^^^^^^)))))^^^^^^^)))))))^^^^^))))))^^^^^^^^^^^^^^))
))))))^^^^^^^^^^)))h)))^^^^^^))))))^^^^^)))))))^^^^^^^^^^^^^^^^
)^)))^^^^^^^^^^^)))hh)))^^^))))))))^^^^^))))))^^^^^))))^^^^^^^^
^^^^^^^^^^^^^^^^)))hh))))))))))h))^^^^^)))))))^^^^))))))))))^^^
^^^^^^^^^^^))^^^))))hh))))))))))))^^^^^)))))))^^^^)))))))))))^^
^^^^^^^^^))))^^^))))hhh)hhh))))))^^^^^))))))))^^^)))))))))))))^
^^^^^^^^))))))^^^)))hhhhhh))))))^^^^)))))))))^^^^^))))))))))))^
^^^^^^))))))))^^^))))hhhh))))))^^^))))))))))^^^^^^)))^^^))))))^
^^^^^^))))))))^^^))))))))))))))^))))))))))^^^^^^^^^))^^^))))))^
^^^^^^^)))))))^^^))))))))))))))))))))))))^^^^^^^^^^^^^^^)))))))
^^^^^^^^))))))^^^)))))))))))))))))))))))^^^^^^^^^^^^^^^^)))))))
^^)))^^^))))))^^^))))))))^^^))))))))))^^^^^^^^^^^^^^^^^^^))))))
^)))))^^))))))^^^))))))^^^^^^))))))))^^^^^^^^^^^^^RRR^^^^^^^^^^
^)))))))))))))^^^))))))^^^^^^))))))))^^^^^^^^^^^^^RRRR^^^^^^^^^
^)))))))))))))^^^)))))))^^^^^^))))))^^^^^^^^^^^^^^^RRR^^^^^^^^^
^))))))))))^^^^^^)))))))^^^^^^)))))^^^^^^^^))^^^^^^^^^R^^^^^^^^
^^^)))))))^^^^^^^))))))))^^^^^))))^^^^^^^^)))^^^^^^^^^^^^^^^^^^
^^)))))))^^^^^^^^)))-))))^^^^^))))^^^^^^^)))))^^^^^^^^^^^^^^^^^
^))))^)^^^^^^^^^^)))-)))))^^^)))))))))^^))))))^^^^)))))))))^^^^
^))))^^^^^^^^^^^^^---)))))^^^))))))))))))---))^^^))))))))))^^^^
^)))))^^^^^^^^^^^)----)))))^---)))h))))))---))^^)))))))))))^^^^
^^)))))^^^^^^^^^^)----)))))^^----)h)))))----)))))))))))))))^^^^
^^))))))^^^^^^^))))---))))^^^-----)))))^^)--))))))))))))))^^^^^
^^^))))))^^^^^)))))))))))^^^^^----))))^^^)))-)))))))))))))^^^^^
^^^))))))^^^^))))))))))))^^R^^^---)))^^^^)))))))))^^^)))))^^RRR
^^^))))^^^^^^^)))))))))))^^RR^^--))))^^^^))))))))^^^^)))))^^RRR
^^^))^^^^^^^^^))))))))))^^RRR^^)))))^^^^^^))))))^^^^^)-)))^^^RR
^^)))^^^^^^^^^))))))))))^^^R^^^))))^^^^R^^)))))^^^^^^)))))))^^R
^^)))^^^^^^^^^))))))))))^^^^^^^))^^^^^RR^^^)^^^^^^^^^))))))))^^
^^)))^^^^^^^^^^)))))))))^^^^^^^^^^^^^^RR^^^^^^^^^^^^^))))))))^^
^))))^^^^^^^^^^^^)))))))^^^^^^^^^^^^^^^^^^^^^^^^^^^^^))))))))^^
^)))))^^^^^^^R^^^^))))))^----^^^^^^^^^^^^^^^^^^^^^^^^))))))^^^^
^)))))^^^^^^^^^^^))))))))----)^^^^^^^^^^^^^^^^^^^^^^^^))))^^^^^
^))))))^^^^^^^^^^))))))))---))^^^^^^^^^^^^^^^^^^^^^^^^)))^^^^^^
^)))))))))))))))))))-)))))))^^^^^^^^^^^^^^^^^^^^^^)))^^^^^^^^^^
^^^^))))))))))))))^^^---))^^^^^^^^))))^^^^^^^^^^^)))))^^^^^^^^^
^^^^^))))))))))))^^^^^---^^^^^^^^)))))^^^^^R^^^^^))))))^^^^^^^^
^^^^^^)))))))))))^^^^^---^^RR^^^))))))^^^^RRR^^^)))))))))^^^^^^
))^^^^^)))))))))^^^^^----^^^^^))))))^^^^^R^^^^^^^)))))))))^^^^^
))^^^^^^))))))^^^^^^^----)^^^^)))))^^^^^R^^^^^^^^^^))))))))^^))
))^^^^^^))))))^^^^^^----))^^^)))))^^^^^^^^^^^^^^^^^^)))))))^)))
)))))))))))))))^^^))))))))^^^))))))^^^^^^^)))^^^^^)))))))))))))
)))))))))))))))))))))))))))))))))))))))))))))))))))))))))))))))
)))))))))))))))))))))))h)))))))h)))))))))))))))))))))))h)))))))
